Component: ARM Compiler 5.06 update 3 (build 300) Tool: armlink [4d35c9]

==============================================================================

Section Cross References

    main.o(.text) refers to _printf_percent.o(.ARM.Collect$$_printf_percent$$00000000) for _printf_percent
    main.o(.text) refers to _printf_d.o(.ARM.Collect$$_printf_percent$$00000009) for _printf_d
    main.o(.text) refers to _printf_dec.o(.text) for _printf_int_dec
    main.o(.text) refers to _printf_f.o(.ARM.Collect$$_printf_percent$$00000003) for _printf_f
    main.o(.text) refers to printf1.o(x$fpl$printf1) for _printf_fp_dec
    main.o(.text) refers to key.o(.text) for KEY_Scan
    main.o(.text) refers to lcd.o(.text) for LCD_Fill
    main.o(.text) refers to noretval__2sprintf.o(.text) for __2sprintf
    main.o(.text) refers to 24cxx.o(.text) for AT24CXX_Write
    main.o(.text) refers to f2d.o(x$fpl$f2d) for __aeabi_f2d
    main.o(.text) refers to daddsub_clz.o(x$fpl$dadd) for __aeabi_dadd
    main.o(.text) refers to d2f.o(x$fpl$d2f) for __aeabi_d2f
    main.o(.text) refers to daddsub_clz.o(x$fpl$dsub) for __aeabi_dsub
    main.o(.text) refers to main.o(.constdata) for .constdata
    main.o(.text) refers to main.o(.data) for choose
    main.o(.text) refers to driver.o(.data) for p
    main.o(.text) refers to touch.o(.data) for tp_dev
    main.o(.text) refers to lcd.o(.bss) for lcddev
    main.o(.text) refers to remote.o(.text) for Remote_Scan
    main.o(.text) refers to dflt_clz.o(x$fpl$dfltu) for __aeabi_ui2d
    main.o(.text) refers to dmul.o(x$fpl$dmul) for __aeabi_dmul
    main.o(.text) refers to daddsub_clz.o(x$fpl$drsb) for __aeabi_drsub
    main.o(.text) refers to dfixu.o(x$fpl$dfixu) for __aeabi_d2uiz
    main.o(.text) refers to timer.o(.data) for angle
    main.o(.text) refers to delay.o(.text) for delay_ms
    main.o(.text) refers to dflt_clz.o(x$fpl$dflt) for __aeabi_i2d
    main.o(.text) refers to dfix.o(x$fpl$dfix) for __aeabi_d2iz
    main.o(.text) refers to stm32f4xx_tim.o(.text) for TIM_SetCompare1
    main.o(.text) refers to driver.o(.text) for PID_realize
    main.o(.text) refers to atoi.o(.text) for atoi
    main.o(.text) refers to strcpy.o(.text) for strcpy
    main.o(.text) refers to atof.o(i.__hardfp_atof) for __hardfp_atof
    main.o(.text) refers to usart.o(.bss) for uartbuf
    main.o(.text) refers to atol.o(.text) for atol
    main.o(.text) refers to misc.o(.text) for NVIC_PriorityGroupConfig
    main.o(.text) refers to usart.o(.text) for uart_init
    main.o(.text) refers to led.o(.text) for LED_Init
    main.o(.text) refers to beep.o(.text) for BEEP_Init
    main.o(.text) refers to exti.o(.text) for EXTIX_Init
    main.o(.text) refers to timer.o(.text) for TIM3_Int_Init
    main.o(.text) refers to pwm.o(.text) for TIM13_PWM_Init
    main.o(.text) refers to lcd.o(.data) for POINT_COLOR
    system_stm32f4xx.o(.text) refers to system_stm32f4xx.o(.data) for SystemCoreClock
    driver.o(.text) refers to lcd.o(.text) for LCD_Fast_DrawLine
    driver.o(.text) refers to driver.o(.bss) for pid
    driver.o(.text) refers to driver.o(.data) for p
    led.o(.text) refers to stm32f4xx_rcc.o(.text) for RCC_AHB1PeriphClockCmd
    led.o(.text) refers to stm32f4xx_gpio.o(.text) for GPIO_Init
    beep.o(.text) refers to stm32f4xx_rcc.o(.text) for RCC_AHB1PeriphClockCmd
    beep.o(.text) refers to stm32f4xx_gpio.o(.text) for GPIO_Init
    key.o(.text) refers to stm32f4xx_rcc.o(.text) for RCC_AHB1PeriphClockCmd
    key.o(.text) refers to stm32f4xx_gpio.o(.text) for GPIO_Init
    key.o(.text) refers to delay.o(.text) for delay_ms
    key.o(.text) refers to key.o(.data) for key_up
    exti.o(.text) refers to stm32f4xx_exti.o(.text) for EXTI_ClearITPendingBit
    exti.o(.text) refers to stm32f4xx_rcc.o(.text) for RCC_AHB1PeriphClockCmd
    exti.o(.text) refers to stm32f4xx_gpio.o(.text) for GPIO_Init
    exti.o(.text) refers to stm32f4xx_syscfg.o(.text) for SYSCFG_EXTILineConfig
    exti.o(.text) refers to misc.o(.text) for NVIC_Init
    exti.o(.text) refers to exti.o(.data) for number
    exti.o(.text) refers to timer.o(.data) for anglebuf
    timer.o(.text) refers to stm32f4xx_rcc.o(.text) for RCC_APB1PeriphClockCmd
    timer.o(.text) refers to stm32f4xx_tim.o(.text) for TIM_TimeBaseInit
    timer.o(.text) refers to misc.o(.text) for NVIC_Init
    timer.o(.text) refers to f2d.o(x$fpl$f2d) for __aeabi_f2d
    timer.o(.text) refers to dmul.o(x$fpl$dmul) for __aeabi_dmul
    timer.o(.text) refers to ddiv.o(x$fpl$ddiv) for __aeabi_ddiv
    timer.o(.text) refers to d2f.o(x$fpl$d2f) for __aeabi_d2f
    timer.o(.text) refers to driver.o(.text) for Actualspeed
    timer.o(.text) refers to dflt_clz.o(x$fpl$dflt) for __aeabi_i2d
    timer.o(.text) refers to dfixu.o(x$fpl$dfixu) for __aeabi_d2uiz
    timer.o(.text) refers to exti.o(.data) for number
    timer.o(.text) refers to timer.o(.data) for speed
    pwm.o(.text) refers to stm32f4xx_rcc.o(.text) for RCC_APB1PeriphClockCmd
[...]
    __rt_entry_main                          0x08000251   Thumb Code     0  __rtentry2.o(.ARM.Collect$$rtentry$$0000000D)
    __rt_entry_postli_1                      0x08000251   Thumb Code     0  __rtentry2.o(.ARM.Collect$$rtentry$$0000000C)
    __rt_exit                                0x08000259   Thumb Code     0  rtexit.o(.ARM.Collect$$rtexit$$00000000)
    __rt_exit_ls                             0x0800025b   Thumb Code     0  rtexit2.o(.ARM.Collect$$rtexit$$00000003)
    __rt_exit_prels_1                        0x0800025b   Thumb Code     0  rtexit2.o(.ARM.Collect$$rtexit$$00000002)
    __rt_exit_exit                           0x0800025f   Thumb Code     0  rtexit2.o(.ARM.Collect$$rtexit$$00000004)
    KEY                                      0x08000265   Thumb Code  1228  main.o(.text)
    touch                                    0x08000731   Thumb Code  1440  main.o(.text)
    remote                                   0x08000cd1   Thumb Code   332  main.o(.text)
    Draw                                     0x08000e1d   Thumb Code   508  main.o(.text)
    anglecontrol                             0x08001019   Thumb Code   148  main.o(.text)
    uart                                     0x080010ad   Thumb Code   796  main.o(.text)
    pid1                                     0x080013c9   Thumb Code    64  main.o(.text)
    AllInit                                  0x08001409   Thumb Code   650  main.o(.text)
    main                                     0x08001693   Thumb Code     8  main.o(.text)
    NMI_Handler                              0x08001721   Thumb Code     2  stm32f4xx_it.o(.text)
    HardFault_Handler                        0x08001723   Thumb Code     4  stm32f4xx_it.o(.text)
    MemManage_Handler                        0x08001727   Thumb Code     4  stm32f4xx_it.o(.text)
    BusFault_Handler                         0x0800172b   Thumb Code     4  stm32f4xx_it.o(.text)
    UsageFault_Handler                       0x0800172f   Thumb Code     4  stm32f4xx_it.o(.text)
    SVC_Handler                              0x08001733   Thumb Code     2  stm32f4xx_it.o(.text)
    DebugMon_Handler                         0x08001735   Thumb Code     2  stm32f4xx_it.o(.text)
    PendSV_Handler                           0x08001737   Thumb Code     2  stm32f4xx_it.o(.text)
    SysTick_Handler                          0x08001739   Thumb Code     2  stm32f4xx_it.o(.text)
    SystemInit                               0x08001819   Thumb Code    88  system_stm32f4xx.o(.text)
    SystemCoreClockUpdate                    0x08001871   Thumb Code   174  system_stm32f4xx.o(.text)
    PID_init                                 0x0800194d   Thumb Code    44  driver.o(.text)
    Actualspeed                              0x08001979   Thumb Code     8  driver.o(.text)
    PID_realize                              0x08001981   Thumb Code   164  driver.o(.text)
    DrawAxis                                 0x08001a25   Thumb Code   516  driver.o(.text)
    LED_Init                                 0x08001c41   Thumb Code    60  led.o(.text)
    BEEP_Init                                0x08001c81   Thumb Code    60  beep.o(.text)
    KEY_Init                                 0x08001cc1   Thumb Code    60  key.o(.text)
    KEY_Scan                                 0x08001cfd   Thumb Code   188  key.o(.text)
    EXTI4_IRQHandler                         0x08001dc5   Thumb Code    30  exti.o(.text)
    EXTIX_Init                               0x08001de3   Thumb Code   120  exti.o(.text)
    TIM3_Int_Init                            0x08001e69   Thumb Code    88  timer.o(.text)
    TIM4_Int_Init                            0x08001ec1   Thumb Code    88  timer.o(.text)
    TIM3_IRQHandler                          0x08001f19   Thumb Code   116  timer.o(.text)
    TIM4_IRQHandler                          0x08001f8d   Thumb Code   100  timer.o(.text)
    TIM13_PWM_Init                           0x08002021   Thumb Code   152  pwm.o(.text)
    LCD_WR_REG                               0x080020c1   Thumb Code    18  lcd.o(.text)
    LCD_WR_DATA                              0x080020d3   Thumb Code    20  lcd.o(.text)
    LCD_RD_DATA                              0x080020e7   Thumb Code    16  lcd.o(.text)
    LCD_WriteReg                             0x080020f7   Thumb Code    14  lcd.o(.text)
    LCD_ReadReg                              0x08002105   Thumb Code    22  lcd.o(.text)
    LCD_WriteRAM_Prepare                     0x0800211b   Thumb Code    10  lcd.o(.text)
    LCD_WriteRAM                             0x08002125   Thumb Code     8  lcd.o(.text)
    LCD_BGR2RGB                              0x0800212d   Thumb Code    26  lcd.o(.text)
    opt_delay                                0x08002147   Thumb Code    14  lcd.o(.text)
    LCD_SetCursor                            0x08002155   Thumb Code   418  lcd.o(.text)
    LCD_ReadPoint                            0x080022f7   Thumb Code   360  lcd.o(.text)
    LCD_DisplayOn                            0x0800245f   Thumb Code   102  lcd.o(.text)
    LCD_DisplayOff                           0x080024c5   Thumb Code    90  lcd.o(.text)
    LCD_Scan_Dir                             0x0800251f   Thumb Code   744  lcd.o(.text)
    LCD_DrawPoint                            0x08002807   Thumb Code    28  lcd.o(.text)
    LCD_Fast_DrawPoint                       0x08002823   Thumb Code   388  lcd.o(.text)
    LCD_SSD_BackLightSet                     0x080029a7   Thumb Code    88  lcd.o(.text)
    LCD_Display_Dir                          0x080029ff   Thumb Code   444  lcd.o(.text)
    LCD_Set_Window                           0x08002bbb   Thumb Code   546  lcd.o(.text)
    LCD_Clear                                0x08002ddd   Thumb Code   100  lcd.o(.text)
    LCD_Init                                 0x08002e41   Thumb Code 14668  lcd.o(.text)
    LCD_Fill                                 0x0800678d   Thumb Code   180  lcd.o(.text)
    LCD_Color_Fill                           0x08006841   Thumb Code   100  lcd.o(.text)
    LCD_DrawLine                             0x080068a5   Thumb Code   176  lcd.o(.text)
    LCD_Fast_DrawLine                        0x08006955   Thumb Code   172  lcd.o(.text)
    LCD_DrawRectangle                        0x08006a01   Thumb Code    60  lcd.o(.text)
    LCD_Draw_Circle                          0x08006a3d   Thumb Code   152  lcd.o(.text)
    LCD_ShowChar                             0x08006ad5   Thumb Code   272  lcd.o(.text)
    LCD_Fast_ShowChar                        0x08006be5   Thumb Code   298  lcd.o(.text)
    LCD_Pow                                  0x08006d0f   Thumb Code    22  lcd.o(.text)
    LCD_ShowNum                              0x08006d25   Thumb Code   148  lcd.o(.text)
    LCD_Fast_ShowNum                         0x08006db9   Thumb Code   152  lcd.o(.text)
    LCD_Fast_ShowxNum                        0x08006e51   Thumb Code   198  lcd.o(.text)
    LCD_ShowString                           0x08006f17   Thumb Code   102  lcd.o(.text)
    Printf                                   0x08006f7d   Thumb Code   506  lcd.o(.text)
    IIC_Init                                 0x0800718d   Thumb Code    62  myiic.o(.text)
    IIC_Start                                0x080071cb   Thumb Code    68  myiic.o(.text)
    IIC_Stop                                 0x0800720f   Thumb Code    62  myiic.o(.text)
    IIC_Wait_Ack                             0x0800724d   Thumb Code    82  myiic.o(.text)
    IIC_Ack                                  0x0800729f   Thumb Code    66  myiic.o(.text)
    IIC_NAck                                 0x080072e1   Thumb Code    66  myiic.o(.text)
    IIC_Send_Byte                            0x08007323   Thumb Code    90  myiic.o(.text)
    IIC_Read_Byte                            0x0800737d   Thumb Code    94  myiic.o(.text)
    AT24CXX_Init                             0x080073e9   Thumb Code     8  24cxx.o(.text)
    AT24CXX_ReadOneByte                      0x080073f1   Thumb Code    88  24cxx.o(.text)
    AT24CXX_WriteOneByte                     0x08007449   Thumb Code    80  24cxx.o(.text)
    AT24CXX_WriteLenByte                     0x08007499   Thumb Code    42  24cxx.o(.text)
    AT24CXX_ReadLenByte                      0x080074c3   Thumb Code    44  24cxx.o(.text)
    AT24CXX_Check                            0x080074ef   Thumb Code    46  24cxx.o(.text)
    AT24CXX_Read                             0x0800751d   Thumb Code    34  24cxx.o(.text)
    AT24CXX_Write                            0x0800753f   Thumb Code    36  24cxx.o(.text)
    Remote_Init                              0x08007565   Thumb Code   218  remote.o(.text)
    TIM1_UP_TIM10_IRQHandler                 0x0800763f   Thumb Code   112  remote.o(.text)
    TIM1_CC_IRQHandler                       0x080076af   Thumb Code   286  remote.o(.text)
    Remote_Scan                              0x080077cd   Thumb Code    92  remote.o(.text)
    TP_Write_Byte                            0x08007845   Thumb Code    64  touch.o(.text)
    TP_Read_AD                               0x08007885   Thumb Code   132  touch.o(.text)
    TP_Read_XOY                              0x08007909   Thumb Code   120  touch.o(.text)
    TP_Read_XY                               0x08007981   Thumb Code    38  touch.o(.text)
    TP_Read_XY2                              0x080079a7   Thumb Code   192  touch.o(.text)
    TP_Drow_Touch_Point                      0x08007a67   Thumb Code   108  touch.o(.text)
    TP_Draw_Big_Point                        0x08007ad3   Thumb Code    54  touch.o(.text)
    TP_Scan                                  0x08007b09   Thumb Code   244  touch.o(.text)
    TP_Save_Adjdata                          0x08007bfd   Thumb Code   166  touch.o(.text)
    TP_Get_Adjdata                           0x08007ca3   Thumb Code   160  touch.o(.text)
    TP_Adj_Info_Show                         0x08007d43   Thumb Code    50  touch.o(.text)
    TP_Adjust                                0x08007d75   Thumb Code  2316  touch.o(.text)
    TP_Init                                  0x08008681   Thumb Code   148  touch.o(.text)
    my_abs                                   0x08008715   Thumb Code    18  touch.o(.text)
    delay_init                               0x08008739   Thumb Code    52  delay.o(.text)
    delay_us                                 0x0800876d   Thumb Code    72  delay.o(.text)
    delay_xms                                0x080087b5   Thumb Code    72  delay.o(.text)
    delay_ms                                 0x080087fd   Thumb Code    56  delay.o(.text)
    _sys_exit                                0x0800883d   Thumb Code     4  usart.o(.text)
    fputc                                    0x08008841   Thumb Code    22  usart.o(.text)
    uart_init                                0x08008857   Thumb Code   164  usart.o(.text)
    USART1_IRQHandler                        0x080088fb   Thumb Code   140  usart.o(.text)
    Reset_Handler                            0x0800899d   Thumb Code     8  startup_stm32f40_41xxx.o(.text)
    ADC_IRQHandler                           0x080089b7   Thumb Code     0  startup_stm32f40_41xxx.o(.text)
    CAN1_RX0_IRQHandler                      0x080089b7   Thumb Code     0  startup_stm32f40_41xxx.o(.text)
    CAN1_RX1_IRQHandler                      0x080089b7   Thumb Code     0  startup_stm32f40_41xxx.o(.text)
    CAN1_SCE_IRQHandler                      0x080089b7   Thumb Code     0  startup_stm32f40_41xxx.o(.text)
    CAN1_TX_IRQHandler                       0x080089b7   Thumb Code     0  startup_stm32f40_41xxx.o(.text)
    CAN2_RX0_IRQHandler                      0x080089b7   Thumb Code     0  startup_stm32f40_41xxx.o(.text)
    CAN2_RX1_IRQHandler                      0x080089b7   Thumb Code     0  startup_stm32f40_41xxx.o(.text)
    CAN2_SCE_IRQHandler                      0x080089b7   Thumb Code     0  startup_stm32f40_41xxx.o(.text)
    CAN2_TX_IRQHandler                       0x080089b7   Thumb Code     0  startup_stm32f40_41xxx.o(.text)
    CRYP_IRQHandler                          0x080089b7   Thumb Code     0  startup_stm32f40_41xxx.o(.text)
    DCMI_IRQHandler                          0x080089b7   Thumb Code     0  startup_stm32f40_41xxx.o(.text)
    DMA1_Stream0_IRQHandler                  0x080089b7   Thumb Code     0  startup_stm32f40_41xxx.o(.text)
    DMA1_Stream1_IRQHandler                  0x080089b7   Thumb Code     0  startup_stm32f40_41xxx.o(.text)
    DMA1_Stream2_IRQHandler                  0x080089b7   Thumb Code     0  startup_stm32f40_41xxx.o(.text)
    DMA1_Stream3_IRQHandler                  0x080089b7   Thumb Code     0  startup_stm32f40_41xxx.o(.text)
    DMA1_Stream4_IRQHandler                  0x080089b7   Thumb Code     0  startup_stm32f40_41xxx.o(.text)
    DMA1_Stream5_IRQHandler                  0x080089b7   Thumb Code     0  startup_stm32f40_41xxx.o(.text)
    DMA1_Stream6_IRQHandler                  0x080089b7   Thumb Code     0  startup_stm32f40_41xxx.o(.text)
    DMA1_Stream7_IRQHandler                  0x080089b7   Thumb Code     0  startup_stm32f40_41xxx.o(.text)
    DMA2_Stream0_IRQHandler                  0x080089b7   Thumb Code     0  startup_stm32f40_41xxx.o(.text)
    DMA2_Stream1_IRQHandler                  0x080089b7   Thumb Code     0  startup_stm32f40_41xxx.o(.text)
    DMA2_Stream2_IRQHandler                  0x080089b7   Thumb Code     0  startup_stm32f40_41xxx.o(.text)
    DMA2_Stream3_IRQHandler                  0x080089b7   Thumb Code     0  startup_stm32f40_41xxx.o(.text)
    DMA2_Stream4_IRQHandler                  0x080089b7   Thumb Code     0  startup_stm32f40_41xxx.o(.text)
    DMA2_Stream5_IRQHandler                  0x080089b7   Thumb Code     0  startup_stm32f40_41xxx.o(.text)
    DMA2_Stream6_IRQHandler                  0x080089b7   Thumb Code     0  startup_stm32f40_41xxx.o(.text)
    DMA2_Stream7_IRQHandler                  0x080089b7   Thumb Code     0  startup_stm32f40_41xxx.o(.text)
    ETH_IRQHandler                           0x080089b7   Thumb Code     0  startup_stm32f40_41xxx.o(.text)
    ETH_WKUP_IRQHandler                      0x080089b7   Thumb Code     0  startup_stm32f40_41xxx.o(.text)
    EXTI0_IRQHandler                         0x080089b7   Thumb Code     0  startup_stm32f40_41xxx.o(.text)
    EXTI15_10_IRQHandler                     0x080089b7   Thumb Code     0  startup_stm32f40_41xxx.o(.text)
    EXTI1_IRQHandler                         0x080089b7   Thumb Code     0  startup_stm32f40_41xxx.o(.text)
    EXTI2_IRQHandler                         0x080089b7   Thumb Code     0  startup_stm32f40_41xxx.o(.text)
    EXTI3_IRQHandler                         0x080089b7   Thumb Code     0  startup_stm32f40_41xxx.o(.text)
    EXTI9_5_IRQHandler                       0x080089b7   Thumb Code     0  startup_stm32f40_41xxx.o(.text)
    FLASH_IRQHandler                         0x080089b7   Thumb Code     0  startup_stm32f40_41xxx.o(.text)
    FPU_IRQHandler                           0x080089b7   Thumb Code     0  startup_stm32f40_41xxx.o(.text)
    FSMC_IRQHandler                          0x080089b7   Thumb Code     0  startup_stm32f40_41xxx.o(.text)
    HASH_RNG_IRQHandler                      0x080089b7   Thumb Code     0  startup_stm32f40_41xxx.o(.text)
    I2C1_ER_IRQHandler                       0x080089b7   Thumb Code     0  startup_stm32f40_41xxx.o(.text)
    I2C1_EV_IRQHandler                       0x080089b7   Thumb Code     0  startup_stm32f40_41xxx.o(.text)
    I2C2_ER_IRQHandler                       0x080089b7   Thumb Code     0  startup_stm32f40_41xxx.o(.text)
    I2C2_EV_IRQHandler                       0x080089b7   Thumb Code     0  startup_stm32f40_41xxx.o(.text)
    I2C3_ER_IRQHandler                       0x080089b7   Thumb Code     0  startup_stm32f40_41xxx.o(.text)
    I2C3_EV_IRQHandler                       0x080089b7   Thumb Code     0  startup_stm32f40_41xxx.o(.text)
    OTG_FS_IRQHandler                        0x080089b7   Thumb Code     0  startup_stm32f40_41xxx.o(.text)
    OTG_FS_WKUP_IRQHandler                   0x080089b7   Thumb Code     0  startup_stm32f40_41xxx.o(.text)
    OTG_HS_EP1_IN_IRQHandler                 0x080089b7   Thumb Code     0  startup_stm32f40_41xxx.o(.text)
    OTG_HS_EP1_OUT_IRQHandler                0x080089b7   Thumb Code     0  startup_stm32f40_41xxx.o(.text)
    OTG_HS_IRQHandler                        0x080089b7   Thumb Code     0  startup_stm32f40_41xxx.o(.text)
    OTG_HS_WKUP_IRQHandler                   0x080089b7   Thumb Code     0  startup_stm32f40_41xxx.o(.text)
    PVD_IRQHandler                           0x080089b7   Thumb Code     0  startup_stm32f40_41xxx.o(.text)
    RCC_IRQHandler                           0x080089b7   Thumb Code     0  startup_stm32f40_41xxx.o(.text)
    RTC_Alarm_IRQHandler                     0x080089b7   Thumb Code     0  startup_stm32f40_41xxx.o(.text)
    RTC_WKUP_IRQHandler                      0x080089b7   Thumb Code     0  startup_stm32f40_41xxx.o(.text)
    SDIO_IRQHandler                          0x080089b7   Thumb Code     0  startup_stm32f40_41xxx.o(.text)
    SPI1_IRQHandler                          0x080089b7   Thumb Code     0  startup_stm32f40_41xxx.o(.text)
    SPI2_IRQHandler                          0x080089b7   Thumb Code     0  startup_stm32f40_41xxx.o(.text)
    SPI3_IRQHandler                          0x080089b7   Thumb Code     0  startup_stm32f40_41xxx.o(.text)
    TAMP_STAMP_IRQHandler                    0x080089b7   Thumb Code     0  startup_stm32f40_41xxx.o(.text)
    TIM1_BRK_TIM9_IRQHandler                 0x080089b7   Thumb Code     0  startup_stm32f40_41xxx.o(.text)
    TIM1_TRG_COM_TIM11_IRQHandler            0x080089b7   Thumb Code     0  startup_stm32f40_41xxx.o(.text)
    TIM2_IRQHandler                          0x080089b7   Thumb Code     0  startup_stm32f40_41xxx.o(.text)
    TIM5_IRQHandler                          0x080089b7   Thumb Code     0  startup_stm32f40_41xxx.o(.text)
    TIM6_DAC_IRQHandler                      0x080089b7   Thumb Code     0  startup_stm32f40_41xxx.o(.text)
    TIM7_IRQHandler                          0x080089b7   Thumb Code     0  startup_stm32f40_41xxx.o(.text)
    TIM8_BRK_TIM12_IRQHandler                0x080089b7   Thumb Code     0  startup_stm32f40_41xxx.o(.text)
    TIM8_CC_IRQHandler                       0x080089b7   Thumb Code     0  startup_stm32f40_41xxx.o(.text)
    TIM8_TRG_COM_TIM14_IRQHandler            0x080089b7   Thumb Code     0  startup_stm32f40_41xxx.o(.text)
    TIM8_UP_TIM13_IRQHandler                 0x080089b7   Thumb Code     0  startup_stm32f40_41xxx.o(.text)
    UART4_IRQHandler                         0x080089b7   Thumb Code     0  startup_stm32f40_41xxx.o(.text)
    UART5_IRQHandler                         0x080089b7   Thumb Code     0  startup_stm32f40_41xxx.o(.text)
    USART2_IRQHandler                        0x080089b7   Thumb Code     0  startup_stm32f40_41xxx.o(.text)
    USART3_IRQHandler                        0x080089b7   Thumb Code     0  startup_stm32f40_41xxx.o(.text)
    USART6_IRQHandler                        0x080089b7   Thumb Code     0  startup_stm32f40_41xxx.o(.text)
    WWDG_IRQHandler                          0x080089b7   Thumb Code     0  startup_stm32f40_41xxx.o(.text)
    __user_initial_stackheap                 0x080089b9   Thumb Code     0  startup_stm32f40_41xxx.o(.text)
    NVIC_PriorityGroupConfig                 0x080089dd   Thumb Code    10  misc.o(.text)
    NVIC_Init                                0x080089e7   Thumb Code   106  misc.o(.text)
    NVIC_SetVectorTable                      0x08008a51   Thumb Code    14  misc.o(.text)
    NVIC_SystemLPConfig                      0x08008a5f   Thumb Code    34  misc.o(.text)
    SysTick_CLKSourceConfig                  0x08008a81   Thumb Code    40  misc.o(.text)
    GPIO_DeInit                              0x08008abd   Thumb Code   268  stm32f4xx_gpio.o(.text)
    GPIO_Init                                0x08008bc9   Thumb Code   144  stm32f4xx_gpio.o(.text)
    GPIO_StructInit                          0x08008c59   Thumb Code    18  stm32f4xx_gpio.o(.text)
    GPIO_PinLockConfig                       0x08008c6b   Thumb Code    34  stm32f4xx_gpio.o(.text)
    GPIO_ReadInputDataBit                    0x08008c8d   Thumb Code    18  stm32f4xx_gpio.o(.text)
    GPIO_ReadInputData                       0x08008c9f   Thumb Code     8  stm32f4xx_gpio.o(.text)
    GPIO_ReadOutputDataBit                   0x08008ca7   Thumb Code    18  stm32f4xx_gpio.o(.text)
    GPIO_ReadOutputData                      0x08008cb9   Thumb Code     8  stm32f4xx_gpio.o(.text)
    GPIO_SetBits                             0x08008cc1   Thumb Code     4  stm32f4xx_gpio.o(.text)
    GPIO_ResetBits                           0x08008cc5   Thumb Code     4  stm32f4xx_gpio.o(.text)
    GPIO_WriteBit                            0x08008cc9   Thumb Code    10  stm32f4xx_gpio.o(.text)
    GPIO_Write                               0x08008cd3   Thumb Code     4  stm32f4xx_gpio.o(.text)
    GPIO_ToggleBits                          0x08008cd7   Thumb Code     8  stm32f4xx_gpio.o(.text)
    GPIO_PinAFConfig                         0x08008cdf   Thumb Code    70  stm32f4xx_gpio.o(.text)
    EXTI_DeInit                              0x08008d51   Thumb Code    28  stm32f4xx_exti.o(.text)
    EXTI_Init                                0x08008d6d   Thumb Code   142  stm32f4xx_exti.o(.text)
    EXTI_StructInit                          0x08008dfb   Thumb Code    16  stm32f4xx_exti.o(.text)
    EXTI_GenerateSWInterrupt                 0x08008e0b   Thumb Code    16  stm32f4xx_exti.o(.text)
    EXTI_GetFlagStatus                       0x08008e1b   Thumb Code    22  stm32f4xx_exti.o(.text)
    EXTI_ClearFlag                           0x08008e31   Thumb Code     8  stm32f4xx_exti.o(.text)
    EXTI_GetITStatus                         0x08008e39   Thumb Code    22  stm32f4xx_exti.o(.text)
    EXTI_ClearITPendingBit                   0x08008e4f   Thumb Code     8  stm32f4xx_exti.o(.text)
    RCC_DeInit                               0x08008e61   Thumb Code    82  stm32f4xx_rcc.o(.text)
    RCC_HSEConfig                            0x08008eb3   Thumb Code    14  stm32f4xx_rcc.o(.text)
    RCC_GetFlagStatus                        0x08008ec1   Thumb Code    60  stm32f4xx_rcc.o(.text)
    RCC_WaitForHSEStartUp                    0x08008efd   Thumb Code    56  stm32f4xx_rcc.o(.text)
    RCC_AdjustHSICalibrationValue            0x08008f35   Thumb Code    20  stm32f4xx_rcc.o(.text)
    RCC_HSICmd                               0x08008f49   Thumb Code     6  stm32f4xx_rcc.o(.text)
    RCC_LSEConfig                            0x08008f4f   Thumb Code    46  stm32f4xx_rcc.o(.text)
    RCC_LSICmd                               0x08008f7d   Thumb Code     6  stm32f4xx_rcc.o(.text)
    RCC_PLLConfig                            0x08008f83   Thumb Code    32  stm32f4xx_rcc.o(.text)
    RCC_PLLCmd                               0x08008fa3   Thumb Code     6  stm32f4xx_rcc.o(.text)
    RCC_PLLI2SConfig                         0x08008fa9   Thumb Code    14  stm32f4xx_rcc.o(.text)
    RCC_PLLI2SCmd                            0x08008fb7   Thumb Code     6  stm32f4xx_rcc.o(.text)
    RCC_PLLSAIConfig                         0x08008fbd   Thumb Code    20  stm32f4xx_rcc.o(.text)
    RCC_PLLSAICmd                            0x08008fd1   Thumb Code     6  stm32f4xx_rcc.o(.text)
    RCC_ClockSecuritySystemCmd               0x08008fd7   Thumb Code     6  stm32f4xx_rcc.o(.text)
    RCC_MCO1Config                           0x08008fdd   Thumb Code    28  stm32f4xx_rcc.o(.text)
    RCC_MCO2Config                           0x08008ff9   Thumb Code    28  stm32f4xx_rcc.o(.text)
    RCC_SYSCLKConfig                         0x08009015   Thumb Code    20  stm32f4xx_rcc.o(.text)
    RCC_GetSYSCLKSource                      0x08009029   Thumb Code    12  stm32f4xx_rcc.o(.text)
    RCC_HCLKConfig                           0x08009035   Thumb Code    20  stm32f4xx_rcc.o(.text)
    RCC_PCLK1Config                          0x08009049   Thumb Code    20  stm32f4xx_rcc.o(.text)
    RCC_PCLK2Config                          0x0800905d   Thumb Code    22  stm32f4xx_rcc.o(.text)
    RCC_GetClocksFreq                        0x08009073   Thumb Code   222  stm32f4xx_rcc.o(.text)
    RCC_RTCCLKConfig                         0x08009151   Thumb Code    54  stm32f4xx_rcc.o(.text)
    RCC_RTCCLKCmd                            0x08009187   Thumb Code     8  stm32f4xx_rcc.o(.text)
    RCC_BackupResetCmd                       0x0800918f   Thumb Code     8  stm32f4xx_rcc.o(.text)
    RCC_I2SCLKConfig                         0x08009197   Thumb Code     6  stm32f4xx_rcc.o(.text)
    RCC_SAIPLLI2SClkDivConfig                0x0800919d   Thumb Code    26  stm32f4xx_rcc.o(.text)
    RCC_SAIPLLSAIClkDivConfig                0x080091b7   Thumb Code    28  stm32f4xx_rcc.o(.text)
    RCC_SAIBlockACLKConfig                   0x080091d3   Thumb Code    20  stm32f4xx_rcc.o(.text)
    RCC_SAIBlockBCLKConfig                   0x080091e7   Thumb Code    20  stm32f4xx_rcc.o(.text)
    RCC_LTDCCLKDivConfig                     0x080091fb   Thumb Code    20  stm32f4xx_rcc.o(.text)
    RCC_TIMCLKPresConfig                     0x0800920f   Thumb Code     6  stm32f4xx_rcc.o(.text)
    RCC_AHB1PeriphClockCmd                   0x08009215   Thumb Code    34  stm32f4xx_rcc.o(.text)
    RCC_AHB2PeriphClockCmd                   0x08009237   Thumb Code    78  stm32f4xx_rcc.o(.text)
    RCC_AHB3PeriphClockCmd                   0x08009285   Thumb Code    34  stm32f4xx_rcc.o(.text)
    RCC_APB1PeriphClockCmd                   0x080092a7   Thumb Code    34  stm32f4xx_rcc.o(.text)
    RCC_APB2PeriphClockCmd                   0x080092c9   Thumb Code    34  stm32f4xx_rcc.o(.text)
    RCC_AHB1PeriphResetCmd                   0x080092eb   Thumb Code    34  stm32f4xx_rcc.o(.text)
    RCC_AHB2PeriphResetCmd                   0x0800930d   Thumb Code    34  stm32f4xx_rcc.o(.text)
    RCC_AHB3PeriphResetCmd                   0x0800932f   Thumb Code    34  stm32f4xx_rcc.o(.text)
    RCC_APB1PeriphResetCmd                   0x08009351   Thumb Code    34  stm32f4xx_rcc.o(.text)
    RCC_APB2PeriphResetCmd                   0x08009373   Thumb Code    34  stm32f4xx_rcc.o(.text)
    RCC_AHB1PeriphClockLPModeCmd             0x08009395   Thumb Code    34  stm32f4xx_rcc.o(.text)
    RCC_AHB2PeriphClockLPModeCmd             0x080093b7   Thumb Code    34  stm32f4xx_rcc.o(.text)
    RCC_AHB3PeriphClockLPModeCmd             0x080093d9   Thumb Code    34  stm32f4xx_rcc.o(.text)
    RCC_APB1PeriphClockLPModeCmd             0x080093fb   Thumb Code    34  stm32f4xx_rcc.o(.text)
    RCC_APB2PeriphClockLPModeCmd             0x0800941d   Thumb Code    34  stm32f4xx_rcc.o(.text)
    RCC_LSEModeConfig                        0x0800943f   Thumb Code    40  stm32f4xx_rcc.o(.text)
    RCC_ITConfig                             0x08009467   Thumb Code    34  stm32f4xx_rcc.o(.text)
    RCC_ClearFlag                            0x08009489   Thumb Code    18  stm32f4xx_rcc.o(.text)
    RCC_GetITStatus                          0x0800949b   Thumb Code    22  stm32f4xx_rcc.o(.text)
    RCC_ClearITPendingBit                    0x080094b1   Thumb Code     8  stm32f4xx_rcc.o(.text)
    SYSCFG_DeInit                            0x080094bd   Thumb Code    22  stm32f4xx_syscfg.o(.text)
    SYSCFG_MemoryRemapConfig                 0x080094d3   Thumb Code     6  stm32f4xx_syscfg.o(.text)
    SYSCFG_MemorySwappingBank                0x080094d9   Thumb Code     6  stm32f4xx_syscfg.o(.text)
    SYSCFG_EXTILineConfig                    0x080094df   Thumb Code    66  stm32f4xx_syscfg.o(.text)
    SYSCFG_ETH_MediaInterfaceConfig          0x08009521   Thumb Code     8  stm32f4xx_syscfg.o(.text)
    SYSCFG_CompensationCellCmd               0x08009529   Thumb Code     6  stm32f4xx_syscfg.o(.text)
    SYSCFG_GetCompensationCellStatus         0x0800952f   Thumb Code    22  stm32f4xx_syscfg.o(.text)
    USART_DeInit                             0x08009551   Thumb Code   206  stm32f4xx_usart.o(.text)
    USART_Init                               0x0800961f   Thumb Code   204  stm32f4xx_usart.o(.text)
    USART_StructInit                         0x080096eb   Thumb Code    24  stm32f4xx_usart.o(.text)
    USART_ClockInit                          0x08009703   Thumb Code    32  stm32f4xx_usart.o(.text)
    USART_ClockStructInit                    0x08009723   Thumb Code    12  stm32f4xx_usart.o(.text)
    USART_Cmd                                0x0800972f   Thumb Code    24  stm32f4xx_usart.o(.text)
    USART_SetPrescaler                       0x08009747   Thumb Code    16  stm32f4xx_usart.o(.text)
    USART_OverSampling8Cmd                   0x08009757   Thumb Code    22  stm32f4xx_usart.o(.text)
    USART_OneBitMethodCmd                    0x0800976d   Thumb Code    24  stm32f4xx_usart.o(.text)
    USART_SendData                           0x08009785   Thumb Code     8  stm32f4xx_usart.o(.text)
    USART_ReceiveData                        0x0800978d   Thumb Code    10  stm32f4xx_usart.o(.text)
    USART_SetAddress                         0x08009797   Thumb Code    18  stm32f4xx_usart.o(.text)
    USART_ReceiverWakeUpCmd                  0x080097a9   Thumb Code    24  stm32f4xx_usart.o(.text)
    USART_WakeUpConfig                       0x080097c1   Thumb Code    18  stm32f4xx_usart.o(.text)
    USART_LINBreakDetectLengthConfig         0x080097d3   Thumb Code    18  stm32f4xx_usart.o(.text)
    USART_LINCmd                             0x080097e5   Thumb Code    24  stm32f4xx_usart.o(.text)
    USART_SendBreak                          0x080097fd   Thumb Code    10  stm32f4xx_usart.o(.text)
    USART_HalfDuplexCmd                      0x08009807   Thumb Code    24  stm32f4xx_usart.o(.text)
    USART_SetGuardTime                       0x0800981f   Thumb Code    16  stm32f4xx_usart.o(.text)
    USART_SmartCardCmd                       0x0800982f   Thumb Code    24  stm32f4xx_usart.o(.text)
    USART_SmartCardNACKCmd                   0x08009847   Thumb Code    24  stm32f4xx_usart.o(.text)
    USART_IrDAConfig                         0x0800985f   Thumb Code    18  stm32f4xx_usart.o(.text)
    USART_IrDACmd                            0x08009871   Thumb Code    24  stm32f4xx_usart.o(.text)
    USART_DMACmd                             0x08009889   Thumb Code    18  stm32f4xx_usart.o(.text)
    USART_ITConfig                           0x0800989b   Thumb Code    74  stm32f4xx_usart.o(.text)
    USART_GetFlagStatus                      0x080098e5   Thumb Code    26  stm32f4xx_usart.o(.text)
    USART_ClearFlag                          0x080098ff   Thumb Code    18  stm32f4xx_usart.o(.text)
    USART_GetITStatus                        0x08009911   Thumb Code   118  stm32f4xx_usart.o(.text)
    USART_ClearITPendingBit                  0x08009987   Thumb Code    30  stm32f4xx_usart.o(.text)
    TIM_DeInit                               0x080099a5   Thumb Code   346  stm32f4xx_tim.o(.text)
    TIM_TimeBaseInit                         0x08009aff   Thumb Code   104  stm32f4xx_tim.o(.text)
    TIM_TimeBaseStructInit                   0x08009b67   Thumb Code    18  stm32f4xx_tim.o(.text)
    TIM_PrescalerConfig                      0x08009b79   Thumb Code     6  stm32f4xx_tim.o(.text)
    TIM_CounterModeConfig                    0x08009b7f   Thumb Code    18  stm32f4xx_tim.o(.text)
    TIM_SetCounter                           0x08009b91   Thumb Code     4  stm32f4xx_tim.o(.text)
    TIM_SetAutoreload                        0x08009b95   Thumb Code     4  stm32f4xx_tim.o(.text)
    TIM_GetCounter                           0x08009b99   Thumb Code     6  stm32f4xx_tim.o(.text)
    TIM_GetPrescaler                         0x08009b9f   Thumb Code     6  stm32f4xx_tim.o(.text)
    TIM_UpdateDisableConfig                  0x08009ba5   Thumb Code    24  stm32f4xx_tim.o(.text)
    TIM_UpdateRequestConfig                  0x08009bbd   Thumb Code    24  stm32f4xx_tim.o(.text)
    TIM_ARRPreloadConfig                     0x08009bd5   Thumb Code    24  stm32f4xx_tim.o(.text)
    TIM_SelectOnePulseMode                   0x08009bed   Thumb Code    18  stm32f4xx_tim.o(.text)
    TIM_SetClockDivision                     0x08009bff   Thumb Code    18  stm32f4xx_tim.o(.text)
    TIM_Cmd                                  0x08009c11   Thumb Code    24  stm32f4xx_tim.o(.text)
    TIM_OC1Init                              0x08009c29   Thumb Code   114  stm32f4xx_tim.o(.text)
    TIM_OC2Init                              0x08009c9b   Thumb Code   154  stm32f4xx_tim.o(.text)
    TIM_OC3Init                              0x08009d35   Thumb Code   204  stm32f4xx_tim.o(.text)
    TIM_OC4Init                              0x08009e01   Thumb Code   112  stm32f4xx_tim.o(.text)
    TIM_OCStructInit                         0x08009e71   Thumb Code    20  stm32f4xx_tim.o(.text)
    TIM_SelectOCxM                           0x08009e85   Thumb Code    86  stm32f4xx_tim.o(.text)
    TIM_SetCompare1                          0x08009edb   Thumb Code     4  stm32f4xx_tim.o(.text)
    TIM_SetCompare2                          0x08009edf   Thumb Code     4  stm32f4xx_tim.o(.text)
    TIM_SetCompare3                          0x08009ee3   Thumb Code     4  stm32f4xx_tim.o(.text)
    TIM_SetCompare4                          0x08009ee7   Thumb Code     4  stm32f4xx_tim.o(.text)
    TIM_ForcedOC1Config                      0x08009eeb   Thumb Code    18  stm32f4xx_tim.o(.text)
    TIM_ForcedOC2Config                      0x08009efd   Thumb Code    26  stm32f4xx_tim.o(.text)
    TIM_ForcedOC3Config                      0x08009f17   Thumb Code    18  stm32f4xx_tim.o(.text)
    TIM_ForcedOC4Config                      0x08009f29   Thumb Code    26  stm32f4xx_tim.o(.text)
    TIM_OC1PreloadConfig                     0x08009f43   Thumb Code    18  stm32f4xx_tim.o(.text)
    TIM_OC2PreloadConfig                     0x08009f55   Thumb Code    26  stm32f4xx_tim.o(.text)
    TIM_OC3PreloadConfig                     0x08009f6f   Thumb Code    18  stm32f4xx_tim.o(.text)
    TIM_OC4PreloadConfig                     0x08009f81   Thumb Code    26  stm32f4xx_tim.o(.text)
    TIM_OC1FastConfig                        0x08009f9b   Thumb Code    18  stm32f4xx_tim.o(.text)
    TIM_OC2FastConfig                        0x08009fad   Thumb Code    26  stm32f4xx_tim.o(.text)
    TIM_OC3FastConfig                        0x08009fc7   Thumb Code    18  stm32f4xx_tim.o(.text)
    TIM_OC4FastConfig                        0x08009fd9   Thumb Code    26  stm32f4xx_tim.o(.text)
    TIM_ClearOC1Ref                          0x08009ff3   Thumb Code    18  stm32f4xx_tim.o(.text)
    TIM_ClearOC2Ref                          0x0800a005   Thumb Code    24  stm32f4xx_tim.o(.text)
    TIM_ClearOC3Ref                          0x0800a01d   Thumb Code    18  stm32f4xx_tim.o(.text)
    TIM_ClearOC4Ref                          0x0800a02f   Thumb Code    24  stm32f4xx_tim.o(.text)
    TIM_OC1PolarityConfig                    0x0800a047   Thumb Code    18  stm32f4xx_tim.o(.text)
    TIM_OC1NPolarityConfig                   0x0800a059   Thumb Code    18  stm32f4xx_tim.o(.text)
    TIM_OC2PolarityConfig                    0x0800a06b   Thumb Code    26  stm32f4xx_tim.o(.text)
    TIM_OC2NPolarityConfig                   0x0800a085   Thumb Code    26  stm32f4xx_tim.o(.text)
    TIM_OC3PolarityConfig                    0x0800a09f   Thumb Code    26  stm32f4xx_tim.o(.text)
    TIM_OC3NPolarityConfig                   0x0800a0b9   Thumb Code    26  stm32f4xx_tim.o(.text)
    TIM_OC4PolarityConfig                    0x0800a0d3   Thumb Code    26  stm32f4xx_tim.o(.text)
    TIM_CCxCmd                               0x0800a0ed   Thumb Code    30  stm32f4xx_tim.o(.text)
    TIM_CCxNCmd                              0x0800a10b   Thumb Code    30  stm32f4xx_tim.o(.text)
    TIM_SetIC4Prescaler                      0x0800a129   Thumb Code    26  stm32f4xx_tim.o(.text)
    TIM_SetIC3Prescaler                      0x0800a193   Thumb Code    18  stm32f4xx_tim.o(.text)
    TIM_SetIC2Prescaler                      0x0800a1ed   Thumb Code    26  stm32f4xx_tim.o(.text)
    TIM_SetIC1Prescaler                      0x0800a261   Thumb Code    18  stm32f4xx_tim.o(.text)
    TIM_ICInit                               0x0800a2ad   Thumb Code   110  stm32f4xx_tim.o(.text)
    TIM_ICStructInit                         0x0800a31b   Thumb Code    18  stm32f4xx_tim.o(.text)
    TIM_PWMIConfig                           0x0800a32d   Thumb Code   124  stm32f4xx_tim.o(.text)
    TIM_GetCapture1                          0x0800a3a9   Thumb Code     6  stm32f4xx_tim.o(.text)
    TIM_GetCapture2                          0x0800a3af   Thumb Code     6  stm32f4xx_tim.o(.text)
    TIM_GetCapture3                          0x0800a3b5   Thumb Code     6  stm32f4xx_tim.o(.text)
    TIM_GetCapture4                          0x0800a3bb   Thumb Code     6  stm32f4xx_tim.o(.text)
    TIM_BDTRConfig                           0x0800a3c1   Thumb Code    32  stm32f4xx_tim.o(.text)
    TIM_BDTRStructInit                       0x0800a3e1   Thumb Code    18  stm32f4xx_tim.o(.text)
    TIM_CtrlPWMOutputs                       0x0800a3f3   Thumb Code    30  stm32f4xx_tim.o(.text)
    TIM_SelectCOM                            0x0800a411   Thumb Code    24  stm32f4xx_tim.o(.text)
    TIM_CCPreloadControl                     0x0800a429   Thumb Code    24  stm32f4xx_tim.o(.text)
    TIM_ITConfig                             0x0800a441   Thumb Code    18  stm32f4xx_tim.o(.text)
    TIM_GenerateEvent                        0x0800a453   Thumb Code     4  stm32f4xx_tim.o(.text)
    TIM_GetFlagStatus                        0x0800a457   Thumb Code    18  stm32f4xx_tim.o(.text)
    TIM_ClearFlag                            0x0800a469   Thumb Code     6  stm32f4xx_tim.o(.text)
    TIM_GetITStatus                          0x0800a46f   Thumb Code    34  stm32f4xx_tim.o(.text)
    TIM_ClearITPendingBit                    0x0800a491   Thumb Code     6  stm32f4xx_tim.o(.text)
    TIM_DMAConfig                            0x0800a497   Thumb Code    10  stm32f4xx_tim.o(.text)
    TIM_DMACmd                               0x0800a4a1   Thumb Code    18  stm32f4xx_tim.o(.text)
    TIM_SelectCCDMA                          0x0800a4b3   Thumb Code    24  stm32f4xx_tim.o(.text)
    TIM_InternalClockConfig                  0x0800a4cb   Thumb Code    12  stm32f4xx_tim.o(.text)
    TIM_SelectInputTrigger                   0x0800a4d7   Thumb Code    18  stm32f4xx_tim.o(.text)
    TIM_ITRxExternalClockConfig              0x0800a4e9   Thumb Code    24  stm32f4xx_tim.o(.text)
    TIM_TIxExternalClockConfig               0x0800a501   Thumb Code    62  stm32f4xx_tim.o(.text)
    TIM_ETRConfig                            0x0800a53f   Thumb Code    28  stm32f4xx_tim.o(.text)
    TIM_ETRClockMode1Config                  0x0800a55b   Thumb Code    54  stm32f4xx_tim.o(.text)
    TIM_ETRClockMode2Config                  0x0800a591   Thumb Code    32  stm32f4xx_tim.o(.text)
    TIM_SelectOutputTrigger                  0x0800a5b1   Thumb Code    18  stm32f4xx_tim.o(.text)
    TIM_SelectSlaveMode                      0x0800a5c3   Thumb Code    18  stm32f4xx_tim.o(.text)
    TIM_SelectMasterSlaveMode                0x0800a5d5   Thumb Code    18  stm32f4xx_tim.o(.text)
    TIM_EncoderInterfaceConfig               0x0800a5e7   Thumb Code    66  stm32f4xx_tim.o(.text)
    TIM_SelectHallSensor                     0x0800a629   Thumb Code    24  stm32f4xx_tim.o(.text)
    TIM_RemapConfig                          0x0800a641   Thumb Code     6  stm32f4xx_tim.o(.text)
    FSMC_NORSRAMDeInit                       0x0800a649   Thumb Code    54  stm32f4xx_fsmc_1.o(.text)
    FSMC_NORSRAMInit                         0x0800a67f   Thumb Code   230  stm32f4xx_fsmc_1.o(.text)
    FSMC_NORSRAMStructInit                   0x0800a765   Thumb Code    48  stm32f4xx_fsmc_1.o(.text)
    FSMC_NORSRAMCmd                          0x0800a795   Thumb Code    46  stm32f4xx_fsmc_1.o(.text)
    FSMC_NANDDeInit                          0x0800a7c3   Thumb Code    62  stm32f4xx_fsmc_1.o(.text)
    FSMC_NANDInit                            0x0800a801   Thumb Code   132  stm32f4xx_fsmc_1.o(.text)
    FSMC_NANDStructInit                      0x0800a885   Thumb Code    54  stm32f4xx_fsmc_1.o(.text)
    FSMC_NANDCmd                             0x0800a8bb   Thumb Code    86  stm32f4xx_fsmc_1.o(.text)
    FSMC_NANDECCCmd                          0x0800a911   Thumb Code    86  stm32f4xx_fsmc_1.o(.text)
    FSMC_GetECC                              0x0800a967   Thumb Code    24  stm32f4xx_fsmc_1.o(.text)
    FSMC_PCCARDDeInit                        0x0800a97f   Thumb Code    36  stm32f4xx_fsmc_1.o(.text)
    FSMC_PCCARDInit                          0x0800a9a3   Thumb Code   130  stm32f4xx_fsmc_1.o(.text)
    FSMC_PCCARDStructInit                    0x0800aa25   Thumb Code    60  stm32f4xx_fsmc_1.o(.text)
    FSMC_PCCARDCmd                           0x0800aa61   Thumb Code    44  stm32f4xx_fsmc_1.o(.text)
    FSMC_ITConfig                            0x0800aa8d   Thumb Code   128  stm32f4xx_fsmc_1.o(.text)
    FSMC_GetFlagStatus                       0x0800ab0d   Thumb Code    54  stm32f4xx_fsmc_1.o(.text)
    FSMC_ClearFlag                           0x0800ab43   Thumb Code    74  stm32f4xx_fsmc_1.o(.text)
    FSMC_GetITStatus                         0x0800ab8d   Thumb Code    62  stm32f4xx_fsmc_1.o(.text)
    FSMC_ClearITPendingBit                   0x0800abcb   Thumb Code    66  stm32f4xx_fsmc_1.o(.text)
    __use_no_semihosting                     0x0800ac11   Thumb Code     2  use_no_semi_2.o(.text)
    __2sprintf                               0x0800ac15   Thumb Code    34  noretval__2sprintf.o(.text)
    _printf_str                              0x0800ac3d   Thumb Code    82  _printf_str.o(.text)
    _printf_int_dec                          0x0800ac91   Thumb Code   104  _printf_dec.o(.text)
    _printf_int_hex                          0x0800ad09   Thumb Code    84  _printf_hex_int.o(.text)
    _printf_longlong_hex                     0x0800ad09   Thumb Code     0  _printf_hex_int.o(.text)
    __printf                                 0x0800ad61   Thumb Code   144  __printf_flags.o(.text)
    atoi                                     0x0800adf5   Thumb Code    26  atoi.o(.text)
    atol                                     0x0800ae0f   Thumb Code    26  atol.o(.text)
    strcpy                                   0x0800ae29   Thumb Code    72  strcpy.o(.text)
    strncpy                                  0x0800ae71   Thumb Code    86  strncpy.o(.text)
    __use_two_region_memory                  0x0800aec7   Thumb Code     2  heapauxi.o(.text)
    __rt_heap_escrow$2region                 0x0800aec9   Thumb Code     2  heapauxi.o(.text)
    __rt_heap_expand$2region                 0x0800aecb   Thumb Code     2  heapauxi.o(.text)
    __I$use$semihosting                      0x0800aecd   Thumb Code     0  use_no_semi.o(.text)
    __use_no_semihosting_swi                 0x0800aecd   Thumb Code     2  use_no_semi.o(.text)
    __aeabi_errno_addr                       0x0800aed1   Thumb Code     8  rt_errno_addr_intlibspace.o(.text)
    __errno$intlibspace                      0x0800aed1   Thumb Code     0  rt_errno_addr_intlibspace.o(.text)
    __rt_errno_addr$intlibspace              0x0800aed1   Thumb Code     0  rt_errno_addr_intlibspace.o(.text)
    __read_errno                             0x0800aed9   Thumb Code    10  _rserrno.o(.text)
    __set_errno                              0x0800aee3   Thumb Code    12  _rserrno.o(.text)
    _printf_int_common                       0x0800aeef   Thumb Code   178  _printf_intcommon.o(.text)
    __lib_sel_fp_printf                      0x0800afa1   Thumb Code     2  _printf_fp_dec.o(.text)
    _printf_fp_dec_real                      0x0800b14f   Thumb Code   620  _printf_fp_dec.o(.text)
    _printf_char_common                      0x0800b3c7   Thumb Code    32  _printf_char_common.o(.text)
    _sputc                                   0x0800b3ed   Thumb Code    10  _sputc.o(.text)
    _printf_cs_common                        0x0800b3f7   Thumb Code    20  _printf_char.o(.text)
    _printf_char                             0x0800b40b   Thumb Code    16  _printf_char.o(.text)
    _printf_string                           0x0800b41b   Thumb Code     8  _printf_char.o(.text)
    __strtod_int                             0x0800b461   Thumb Code    90  strtod.o(.text)
    strtol                                   0x0800b4c9   Thumb Code   112  strtol.o(.text)
    __aeabi_memclr                           0x0800b539   Thumb Code     0  rt_memclr.o(.text)
    __rt_memclr                              0x0800b539   Thumb Code    68  rt_memclr.o(.text)
    _memset                                  0x0800b53d   Thumb Code     0  rt_memclr.o(.text)
    __user_libspace                          0x0800b57d   Thumb Code     8  libspace.o(.text)
    __user_perproc_libspace                  0x0800b57d   Thumb Code     0  libspace.o(.text)
    __user_perthread_libspace                0x0800b57d   Thumb Code     0  libspace.o(.text)
    __rt_ctype_table                         0x0800b585   Thumb Code    16  rt_ctype_table.o(.text)
    __rt_locale                              0x0800b595   Thumb Code     8  rt_locale_intlibspace.o(.text)
    _ll_udiv10                               0x0800b59d   Thumb Code   138  lludiv10.o(.text)
    isspace                                  0x0800b627   Thumb Code    18  isspace.o(.text)
    _printf_fp_infnan                        0x0800b639   Thumb Code   112  _printf_fp_infnan.o(.text)
    _sgetc                                   0x0800b6b9   Thumb Code    30  _sgetc.o(.text)
    _sbackspace                              0x0800b6d7   Thumb Code    34  _sgetc.o(.text)
    _strtoul                                 0x0800b6f9   Thumb Code   158  _strtoul.o(.text)
    _btod_etento                             0x0800b799   Thumb Code   216  bigflt0.o(.text)
    __aeabi_memclr4                          0x0800b875   Thumb Code     0  rt_memclr_w.o(.text)
    __aeabi_memclr8                          0x0800b875   Thumb Code     0  rt_memclr_w.o(.text)
    __rt_memclr_w                            0x0800b875   Thumb Code    78  rt_memclr_w.o(.text)
    _memset_w                                0x0800b879   Thumb Code     0  rt_memclr_w.o(.text)
    __user_setup_stackheap                   0x0800b8c3   Thumb Code    74  sys_stackheap_outer.o(.text)
    _chval                                   0x0800b90d   Thumb Code    28  _chval.o(.text)
    _scanf_really_real                       0x0800bb25   Thumb Code   668  scanf_fp.o(.text)
    exit                                     0x0800bdcd   Thumb Code    18  exit.o(.text)
    strcmp                                   0x0800bde1   Thumb Code   128  strcmpv7m.o(.text)
    _scanf_really_hex_real                   0x0800be61   Thumb Code   786  scanf_hexfp.o(.text)
    _scanf_really_infnan                     0x0800c181   Thumb Code   292  scanf_infnan.o(.text)
    __aeabi_llsl                             0x0800c2b5   Thumb Code     0  llshl.o(.text)
    _ll_shift_l                              0x0800c2b5   Thumb Code    38  llshl.o(.text)
    _btod_d2e                                0x0800c2db   Thumb Code    62  btod.o(CL$$btod_d2e)
    _d2e_denorm_low                          0x0800c319   Thumb Code    70  btod.o(CL$$btod_d2e_denorm_low)
    _d2e_norm_op1                            0x0800c35f   Thumb Code    96  btod.o(CL$$btod_d2e_norm_op1)
    __btod_div_common                        0x0800c3bf   Thumb Code   696  btod.o(CL$$btod_div_common)
    _e2d                                     0x0800c6f9   Thumb Code    80  btod.o(CL$$btod_e2d)
    _e2e                                     0x0800c74d   Thumb Code   198  btod.o(CL$$btod_e2e)
    _btod_ediv                               0x0800c813   Thumb Code    40  btod.o(CL$$btod_ediv)
    _btod_edivd                              0x0800c83b   Thumb Code    40  btod.o(CL$$btod_edivd)
    _btod_emul                               0x0800c863   Thumb Code    40  btod.o(CL$$btod_emul)
    _btod_emuld                              0x0800c88b   Thumb Code    40  btod.o(CL$$btod_emuld)
    __btod_mult_common                       0x0800c8b3   Thumb Code   580  btod.o(CL$$btod_mult_common)
    __ARM_fpclassify                         0x0800caf7   Thumb Code    48  fpclassify.o(i.__ARM_fpclassify)
    __hardfp_atof                            0x0800cb29   Thumb Code    44  atof.o(i.__hardfp_atof)
    __hardfp_ldexp                           0x0800cb61   Thumb Code   200  ldexp.o(i.__hardfp_ldexp)
    __hardfp_sqrt                            0x0800cc31   Thumb Code   122  sqrt.o(i.__hardfp_sqrt)
    __mathlib_dbl_overflow                   0x0800ccb1   Thumb Code    24  dunder.o(i.__mathlib_dbl_overflow)
    __mathlib_dbl_underflow                  0x0800ccd1   Thumb Code    24  dunder.o(i.__mathlib_dbl_underflow)
    __mathlib_narrow                         0x0800ccf1   Thumb Code   166  narrow.o(i.__mathlib_narrow)
    __support_ldexp                          0x0800cda9   Thumb Code    20  ldexp.o(i.__support_ldexp)
    _is_digit                                0x0800cdbd   Thumb Code    14  __printf_wp.o(i._is_digit)
    frexp                                    0x0800cdd1   Thumb Code   118  frexp.o(i.frexp)
    _get_lc_numeric                          0x0800ce5d   Thumb Code    44  lc_numeric_c.o(locale$$code)
    _get_lc_ctype                            0x0800ce89   Thumb Code    44  lc_ctype_c.o(locale$$code)
    __aeabi_d2f                              0x0800ceb5   Thumb Code     0  d2f.o(x$fpl$d2f)
    _d2f                                     0x0800ceb5   Thumb Code    98  d2f.o(x$fpl$d2f)
    __aeabi_dadd                             0x0800cf19   Thumb Code     0  daddsub_clz.o(x$fpl$dadd)
    _dadd                                    0x0800cf19   Thumb Code   332  daddsub_clz.o(x$fpl$dadd)
    __fpl_dcheck_NaN1                        0x0800d069   Thumb Code    10  dcheck1.o(x$fpl$dcheck1)
    __fpl_dcmp_Inf                           0x0800d079   Thumb Code    24  dcmpi.o(x$fpl$dcmpinf)
    __aeabi_ddiv                             0x0800d091   Thumb Code     0  ddiv.o(x$fpl$ddiv)
    _ddiv                                    0x0800d091   Thumb Code   552  ddiv.o(x$fpl$ddiv)
    __aeabi_cdcmpeq                          0x0800d341   Thumb Code     0  deqf.o(x$fpl$deqf)
    _dcmpeq                                  0x0800d341   Thumb Code   120  deqf.o(x$fpl$deqf)
    __aeabi_d2iz                             0x0800d3b9   Thumb Code     0  dfix.o(x$fpl$dfix)
    _dfix                                    0x0800d3b9   Thumb Code    94  dfix.o(x$fpl$dfix)
    __aeabi_d2uiz                            0x0800d419   Thumb Code     0  dfixu.o(x$fpl$dfixu)
    _dfixu                                   0x0800d419   Thumb Code    90  dfixu.o(x$fpl$dfixu)
    __aeabi_i2d                              0x0800d473   Thumb Code     0  dflt_clz.o(x$fpl$dflt)
    _dflt                                    0x0800d473   Thumb Code    46  dflt_clz.o(x$fpl$dflt)
    __aeabi_ui2d                             0x0800d4a1   Thumb Code     0  dflt_clz.o(x$fpl$dfltu)
    _dfltu                                   0x0800d4a1   Thumb Code    38  dflt_clz.o(x$fpl$dfltu)
    __aeabi_cdcmple                          0x0800d4c9   Thumb Code     0  dleqf.o(x$fpl$dleqf)
    _dcmple                                  0x0800d4c9   Thumb Code   120  dleqf.o(x$fpl$dleqf)
    __fpl_dcmple_InfNaN                      0x0800d52b   Thumb Code     0  dleqf.o(x$fpl$dleqf)
    __aeabi_dmul                             0x0800d541   Thumb Code     0  dmul.o(x$fpl$dmul)
    _dmul                                    0x0800d541   Thumb Code   332  dmul.o(x$fpl$dmul)
    __fpl_dnaninf                            0x0800d695   Thumb Code   156  dnaninf.o(x$fpl$dnaninf)
    __fpl_dretinf                            0x0800d731   Thumb Code    12  dretinf.o(x$fpl$dretinf)
    __aeabi_cdrcmple                         0x0800d73d   Thumb Code     0  drleqf.o(x$fpl$drleqf)
    _drcmple                                 0x0800d73d   Thumb Code   108  drleqf.o(x$fpl$drleqf)
    __aeabi_drsub                            0x0800d7a9   Thumb Code     0  daddsub_clz.o(x$fpl$drsb)
    _drsb                                    0x0800d7a9   Thumb Code    22  daddsub_clz.o(x$fpl$drsb)
    _dsqrt                                   0x0800d7c1   Thumb Code   404  dsqrt_umaal.o(x$fpl$dsqrt)
    __aeabi_dsub                             0x0800d959   Thumb Code     0  daddsub_clz.o(x$fpl$dsub)
    _dsub                                    0x0800d959   Thumb Code   464  daddsub_clz.o(x$fpl$dsub)
    __aeabi_f2d                              0x0800db2d   Thumb Code     0  f2d.o(x$fpl$f2d)
    _f2d                                     0x0800db2d   Thumb Code    86  f2d.o(x$fpl$f2d)
    __fpl_fnaninf                            0x0800db83   Thumb Code   140  fnaninf.o(x$fpl$fnaninf)
    _fp_init                                 0x0800dc0f   Thumb Code    10  fpinit.o(x$fpl$fpinit)
    __fplib_config_fpu_vfp                   0x0800dc17   Thumb Code     0  fpinit.o(x$fpl$fpinit)
    __fplib_config_pureend_doubles           0x0800dc17   Thumb Code     0  fpinit.o(x$fpl$fpinit)
    __fpl_fretinf                            0x0800dc19   Thumb Code    10  fretinf.o(x$fpl$fretinf)
    _printf_fp_dec                           0x0800dc23   Thumb Code     4  printf1.o(x$fpl$printf1)
    __fpl_return_NaN                         0x0800dc27   Thumb Code   100  retnan.o(x$fpl$retnan)
    __ARM_scalbn                             0x0800dc8b   Thumb Code    92  scalbn.o(x$fpl$scalbn)
    _scanf_real                              0x0800dce7   Thumb Code     4  scanf1.o(x$fpl$scanf1)
    _scanf_hex_real                          0x0800dceb   Thumb Code     4  scanf2.o(x$fpl$scanf2)
    _scanf_infnan                            0x0800dcef   Thumb Code     4  scanf2.o(x$fpl$scanf2)
    __fpl_cmpreturn                          0x0800dcf3   Thumb Code    48  trapv.o(x$fpl$trapveneer)
    __I$use$fp                               0x0800dd22   Number         0  usenofp.o(x$fpl$usenofp)
    asc2_1206                                0x0800dd52   Data        1140  lcd.o(.constdata)
    asc2_1608                                0x0800e1c6   Data        1520  lcd.o(.constdata)
    asc2_2412                                0x0800e7b6   Data        3420  lcd.o(.constdata)
    TP_REMIND_MSG_TBL                        0x0800f514   Data           4  touch.o(.constdata)
    FSMC_DefaultTimingStruct                 0x0800f518   Data          28  stm32f4xx_fsmc_1.o(.constdata)
    Region$$Table$$Base                      0x0800f680   Number         0  anon$$obj.o(Region$$Table)
    Region$$Table$$Limit                     0x0800f6a0   Number         0  anon$$obj.o(Region$$Table)
    __aeabi_HUGE_VAL                         0x0800f6a0   Data           0  fpconst.o(c$$dinf)
    __aeabi_HUGE_VALL                        0x0800f6a0   Data           0  fpconst.o(c$$dinf)
    __aeabi_INFINITY                         0x0800f6a0   Data           0  fpconst.o(c$$dinf)
    __dInf                                   0x0800f6a0   Data           0  fpconst.o(c$$dinf)
    __huge_val                               0x0800f6a0   Data           0  fpconst.o(c$$dinf)
    __ctype                                  0x0800f6d1   Data           0  lc_ctype_c.o(locale$$data)
    setspeed                                 0x20000000   Data           1  main.o(.data)
    TEXT_Buffer                              0x20000001   Data           4  main.o(.data)
    choose                                   0x20000005   Data          10  main.o(.data)
    pwm                                      0x20000010   Data           4  main.o(.data)
    _pidbuf                                  0x20000014   Data           6  main.o(.data)
    SystemCoreClock                          0x20000038   Data           4  system_stm32f4xx.o(.data)
    AHBPrescTable                            0x2000003c   Data          16  system_stm32f4xx.o(.data)
    p                                        0x2000004c   Data           4  driver.o(.data)
    i                                        0x20000050   Data           4  driver.o(.data)
    d                                        0x20000054   Data           4  driver.o(.data)
    number                                   0x2000005c   Data           8  exti.o(.data)
    angle                                    0x20000064   Data           4  timer.o(.data)
    anglebuf                                 0x20000068   Data           4  timer.o(.data)
    speed                                    0x2000006c   Data           4  timer.o(.data)
    POINT_COLOR                              0x20000070   Data           2  lcd.o(.data)
    BACK_COLOR                               0x20000072   Data           2  lcd.o(.data)
    RmtSta                                   0x20000074   Data           1  remote.o(.data)
    Dval                                     0x20000076   Data           2  remote.o(.data)
    RmtRec                                   0x20000078   Data           4  remote.o(.data)
    RmtCnt                                   0x2000007c   Data           1  remote.o(.data)
    tp_dev                                   0x20000080   Data          52  touch.o(.data)
    CMD_RDX                                  0x200000b4   Data           1  touch.o(.data)
    CMD_RDY                                  0x200000b5   Data           1  touch.o(.data)
    __stdout                                 0x200000bc   Data           4  usart.o(.data)
    USART_RX_STA                             0x200000c0   Data           2  usart.o(.data)
    pid                                      0x200000d4   Data          20  driver.o(.bss)
    lcddev                                   0x200000e8   Data          14  lcd.o(.bss)
    uartbuf                                  0x200000f6   Data          30  usart.o(.bss)
    USART_RX_BUF                             0x20000114   Data         200  usart.o(.bss)
    __libspace_start                         0x200001dc   Data          96  libspace.o(.bss)
    __temporary_stack_top$libspace           0x2000023c   Data           0  libspace.o(.bss)



==============================================================================

Memory Map of the image

  Image Entry point : 0x08000189

  Load Region LR_IROM1 (Base: 0x08000000, Size: 0x0000f8a8, Max: 0x00100000, ABSOLUTE)

    Execution Region ER_IROM1 (Exec base: 0x08000000, Load base: 0x08000000, Size: 0x0000f7d4, Max: 0x00100000, ABSOLUTE)

    Exec Addr    Load Addr    Size         Type   Attr      Idx    E Section Name        Object

    0x08000000   0x08000000   0x00000188   Data   RO          795    RESET               startup_stm32f40_41xxx.o
    0x08000188   0x08000188   0x00000008   Code   RO         1056  * !!!main             c_w.l(__main.o)
    0x08000190   0x08000190   0x00000034   Code   RO         1436    !!!scatter          c_w.l(__scatter.o)
    0x080001c4   0x080001c4   0x0000001a   Code   RO         1438    !!handler_copy      c_w.l(__scatter_copy.o)
    0x080001de   0x080001de   0x00000002   PAD
    0x080001e0   0x080001e0   0x0000001c   Code   RO         1440    !!handler_zi        c_w.l(__scatter_zi.o)
    0x080001fc   0x080001fc   0x00000000   Code   RO         1045    .ARM.Collect$$_printf_percent$$00000000  c_w.l(_printf_percent.o)
    0x080001fc   0x080001fc   0x00000006   Code   RO         1044    .ARM.Collect$$_printf_percent$$00000003  c_w.l(_printf_f.o)
    0x08000202   0x08000202   0x00000006   Code   RO         1043    .ARM.Collect$$_printf_percent$$00000009  c_w.l(_printf_d.o)
    0x08000208   0x08000208   0x00000006   Code   RO         1042    .ARM.Collect$$_printf_percent$$0000000C  c_w.l(_printf_x.o)
    0x0800020e   0x0800020e   0x00000006   Code   RO         1040    .ARM.Collect$$_printf_percent$$00000013  c_w.l(_printf_c.o)
    0x08000214   0x08000214   0x00000006   Code   RO         1041    .ARM.Collect$$_printf_percent$$00000014  c_w.l(_printf_s.o)
    0x0800021a   0x0800021a   0x00000004   Code   RO         1132    .ARM.Collect$$_printf_percent$$00000017  c_w.l(_printf_percent_end.o)
    0x0800021e   0x0800021e   0x00000002   Code   RO         1243    .ARM.Collect$$libinit$$00000000  c_w.l(libinit.o)
    0x08000220   0x08000220   0x00000004   Code   RO         1244    .ARM.Collect$$libinit$$00000001  c_w.l(libinit2.o)
    0x08000224   0x08000224   0x00000000   Code   RO         1247    .ARM.Collect$$libinit$$00000004  c_w.l(libinit2.o)
    0x08000224   0x08000224   0x00000000   Code   RO         1250    .ARM.Collect$$libinit$$0000000A  c_w.l(libinit2.o)
    0x08000224   0x08000224   0x00000000   Code   RO         1252    .ARM.Collect$$libinit$$0000000C  c_w.l(libinit2.o)
    0x08000224   0x08000224   0x00000000   Code   RO         1254    .ARM.Collect$$libinit$$0000000E  c_w.l(libinit2.o)
    0x08000224   0x08000224   0x00000006   Code   RO         1255    .ARM.Collect$$libinit$$0000000F  c_w.l(libinit2.o)
    0x0800022a   0x0800022a   0x00000000   Code   RO         1257    .ARM.Collect$$libinit$$00000011  c_w.l(libinit2.o)
    0x0800022a   0x0800022a   0x0000000c   Code   RO         1258    .ARM.Collect$$libinit$$00000012  c_w.l(libinit2.o)
    0x08000236   0x08000236   0x00000000   Code   RO         1259    .ARM.Collect$$libinit$$00000013  c_w.l(libinit2.o)
    0x08000236   0x08000236   0x00000000   Code   RO         1261    .ARM.Collect$$libinit$$00000015  c_w.l(libinit2.o)
    0x08000236   0x08000236   0x0000000a   Code   RO         1262    .ARM.Collect$$libinit$$00000016  c_w.l(libinit2.o)
    0x08000240   0x08000240   0x00000000   Code   RO         1263    .ARM.Collect$$libinit$$00000017  c_w.l(libinit2.o)
    0x08000240   0x08000240   0x00000000   Code   RO         1265    .ARM.Collect$$libinit$$00000019  c_w.l(libinit2.o)
    0x08000240   0x08000240   0x00000000   Code   RO         1267    .ARM.Collect$$libinit$$0000001B  c_w.l(libinit2.o)
    0x08000240   0x08000240   0x00000000   Code   RO         1269    .ARM.Collect$$libinit$$0000001D  c_w.l(libinit2.o)
    0x08000240   0x08000240   0x00000000   Code   RO         1271    .ARM.Collect$$libinit$$0000001F  c_w.l(libinit2.o)
    0x08000240   0x08000240   0x00000000   Code   RO         1273    .ARM.Collect$$libinit$$00000021  c_w.l(libinit2.o)
    0x08000240   0x08000240   0x00000000   Code   RO         1275    .ARM.Collect$$libinit$$00000023  c_w.l(libinit2.o)
    0x08000240   0x08000240   0x00000000   Code   RO         1277    .ARM.Collect$$libinit$$00000025  c_w.l(libinit2.o)
    0x08000240   0x08000240   0x00000000   Code   RO         1281    .ARM.Collect$$libinit$$0000002C  c_w.l(libinit2.o)
    0x08000240   0x08000240   0x00000000   Code   RO         1283    .ARM.Collect$$libinit$$0000002E  c_w.l(libinit2.o)
    0x08000240   0x08000240   0x00000000   Code   RO         1285    .ARM.Collect$$libinit$$00000030  c_w.l(libinit2.o)
    0x08000240   0x08000240   0x00000000   Code   RO         1287    .ARM.Collect$$libinit$$00000032  c_w.l(libinit2.o)
    0x08000240   0x08000240   0x00000002   Code   RO         1288    .ARM.Collect$$libinit$$00000033  c_w.l(libinit2.o)
    0x08000242   0x08000242   0x00000002   Code   RO         1347    .ARM.Collect$$libshutdown$$00000000  c_w.l(libshutdown.o)
    0x08000244   0x08000244   0x00000000   Code   RO         1372    .ARM.Collect$$libshutdown$$00000002  c_w.l(libshutdown2.o)
    0x08000244   0x08000244   0x00000000   Code   RO         1374    .ARM.Collect$$libshutdown$$00000004  c_w.l(libshutdown2.o)
    0x08000244   0x08000244   0x00000000   Code   RO         1377    .ARM.Collect$$libshutdown$$00000007  c_w.l(libshutdown2.o)
    0x08000244   0x08000244   0x00000000   Code   RO         1380    .ARM.Collect$$libshutdown$$0000000A  c_w.l(libshutdown2.o)
    0x08000244   0x08000244   0x00000000   Code   RO         1382    .ARM.Collect$$libshutdown$$0000000C  c_w.l(libshutdown2.o)
    0x08000244   0x08000244   0x00000000   Code   RO         1385    .ARM.Collect$$libshutdown$$0000000F  c_w.l(libshutdown2.o)
    0x08000244   0x08000244   0x00000002   Code   RO         1386    .ARM.Collect$$libshutdown$$00000010  c_w.l(libshutdown2.o)
    0x08000246   0x08000246   0x00000000   Code   RO         1114    .ARM.Collect$$rtentry$$00000000  c_w.l(__rtentry.o)
    0x08000246   0x08000246   0x00000000   Code   RO         1156    .ARM.Collect$$rtentry$$00000002  c_w.l(__rtentry2.o)
    0x08000246   0x08000246   0x00000006   Code   RO         1168    .ARM.Collect$$rtentry$$00000004  c_w.l(__rtentry4.o)
    0x0800024c   0x0800024c   0x00000000   Code   RO         1158    .ARM.Collect$$rtentry$$00000009  c_w.l(__rtentry2.o)
    0x0800024c   0x0800024c   0x00000004   Code   RO         1159    .ARM.Collect$$rtentry$$0000000A  c_w.l(__rtentry2.o)
    0x08000250   0x08000250   0x00000000   Code   RO         1161    .ARM.Collect$$rtentry$$0000000C  c_w.l(__rtentry2.o)
    0x08000250   0x08000250   0x00000008   Code   RO         1162    .ARM.Collect$$rtentry$$0000000D  c_w.l(__rtentry2.o)
    0x08000258   0x08000258   0x00000002   Code   RO         1289    .ARM.Collect$$rtexit$$00000000  c_w.l(rtexit.o)
    0x0800025a   0x0800025a   0x00000000   Code   RO         1313    .ARM.Collect$$rtexit$$00000002  c_w.l(rtexit2.o)
    0x0800025a   0x0800025a   0x00000004   Code   RO         1314    .ARM.Collect$$rtexit$$00000003  c_w.l(rtexit2.o)
    0x0800025e   0x0800025e   0x00000006   Code   RO         1315    .ARM.Collect$$rtexit$$00000004  c_w.l(rtexit2.o)
    0x08000264   0x08000264   0x000014bc   Code   RO            3    .text               main.o
    0x08001720   0x08001720   0x0000001a   Code   RO          194    .text               stm32f4xx_it.o
    0x0800173a   0x0800173a   0x00000002   PAD
    0x0800173c   0x0800173c   0x00000210   Code   RO          318    .text               system_stm32f4xx.o
    0x0800194c   0x0800194c   0x000002f4   Code   RO          344    .text               driver.o
    0x08001c40   0x08001c40   0x00000040   Code   RO          376    .text               led.o
    0x08001c80   0x08001c80   0x00000040   Code   RO          428    .text               beep.o
    0x08001cc0   0x08001cc0   0x00000104   Code   RO          451    .text               key.o
    0x08001dc4   0x08001dc4   0x000000a4   Code   RO          478    .text               exti.o
    0x08001e68   0x08001e68   0x000001b8   Code   RO          505    .text               timer.o
    0x08002020   0x08002020   0x000000a0   Code   RO          533    .text               pwm.o
    0x080020c0   0x080020c0   0x000050cc   Code   RO          560    .text               lcd.o
    0x0800718c   0x0800718c   0x0000025c   Code   RO          624    .text               myiic.o
    0x080073e8   0x080073e8   0x0000017a   Code   RO          647    .text               24cxx.o
    0x08007562   0x08007562   0x00000002   PAD
    0x08007564   0x08007564   0x000002e0   Code   RO          670    .text               remote.o
    0x08007844   0x08007844   0x00000ef4   Code   RO          696    .text               touch.o
    0x08008738   0x08008738   0x00000104   Code   RO          724    .text               delay.o
    0x0800883c   0x0800883c   0x00000160   Code   RO          764    .text               usart.o
    0x0800899c   0x0800899c   0x00000040   Code   RO          796    .text               startup_stm32f40_41xxx.o
    0x080089dc   0x080089dc   0x000000e0   Code   RO          802    .text               misc.o
    0x08008abc   0x08008abc   0x00000294   Code   RO          822    .text               stm32f4xx_gpio.o
    0x08008d50   0x08008d50   0x00000110   Code   RO          842    .text               stm32f4xx_exti.o
    0x08008e60   0x08008e60   0x0000065c   Code   RO          862    .text               stm32f4xx_rcc.o
    0x080094bc   0x080094bc   0x00000094   Code   RO          884    .text               stm32f4xx_syscfg.o
    0x08009550   0x08009550   0x00000454   Code   RO          904    .text               stm32f4xx_usart.o
    0x080099a4   0x080099a4   0x00000ca2   Code   RO          924    .text               stm32f4xx_tim.o
    0x0800a646   0x0800a646   0x00000002   PAD
    0x0800a648   0x0800a648   0x000005c8   Code   RO          944    .text               stm32f4xx_fsmc_1.o
    0x0800ac10   0x0800ac10   0x00000002   Code   RO          987    .text               c_w.l(use_no_semi_2.o)
    0x0800ac12   0x0800ac12   0x00000002   PAD
    0x0800ac14   0x0800ac14   0x00000028   Code   RO          991    .text               c_w.l(noretval__2sprintf.o)
    0x0800ac3c   0x0800ac3c   0x00000052   Code   RO          995    .text               c_w.l(_printf_str.o)
    0x0800ac8e   0x0800ac8e   0x00000002   PAD
    0x0800ac90   0x0800ac90   0x00000078   Code   RO          997    .text               c_w.l(_printf_dec.o)
    0x0800ad08   0x0800ad08   0x00000058   Code   RO         1002    .text               c_w.l(_printf_hex_int.o)
    0x0800ad60   0x0800ad60   0x00000094   Code   RO         1020    .text               c_w.l(__printf_flags.o)
    0x0800adf4   0x0800adf4   0x0000001a   Code   RO         1046    .text               c_w.l(atoi.o)
    0x0800ae0e   0x0800ae0e   0x0000001a   Code   RO         1048    .text               c_w.l(atol.o)
    0x0800ae28   0x0800ae28   0x00000048   Code   RO         1050    .text               c_w.l(strcpy.o)
    0x0800ae70   0x0800ae70   0x00000056   Code   RO         1052    .text               c_w.l(strncpy.o)
    0x0800aec6   0x0800aec6   0x00000006   Code   RO         1054    .text               c_w.l(heapauxi.o)
    0x0800aecc   0x0800aecc   0x00000002   Code   RO         1112    .text               c_w.l(use_no_semi.o)
    0x0800aece   0x0800aece   0x00000002   PAD
    0x0800aed0   0x0800aed0   0x00000008   Code   RO         1118    .text               c_w.l(rt_errno_addr_intlibspace.o)
    0x0800aed8   0x0800aed8   0x00000016   Code   RO         1120    .text               c_w.l(_rserrno.o)
    0x0800aeee   0x0800aeee   0x000000b2   Code   RO         1122    .text               c_w.l(_printf_intcommon.o)
    0x0800afa0   0x0800afa0   0x0000041a   Code   RO         1124    .text               c_w.l(_printf_fp_dec.o)
    0x0800b3ba   0x0800b3ba   0x00000002   PAD
    0x0800b3bc   0x0800b3bc   0x00000030   Code   RO         1126    .text               c_w.l(_printf_char_common.o)
    0x0800b3ec   0x0800b3ec   0x0000000a   Code   RO         1128    .text               c_w.l(_sputc.o)
    0x0800b3f6   0x0800b3f6   0x0000002c   Code   RO         1130    .text               c_w.l(_printf_char.o)
    0x0800b422   0x0800b422   0x00000002   PAD
    0x0800b424   0x0800b424   0x000000a4   Code   RO         1133    .text               c_w.l(strtod.o)
    0x0800b4c8   0x0800b4c8   0x00000070   Code   RO         1135    .text               c_w.l(strtol.o)
    0x0800b538   0x0800b538   0x00000044   Code   RO         1137    .text               c_w.l(rt_memclr.o)
    0x0800b57c   0x0800b57c   0x00000008   Code   RO         1152    .text               c_w.l(libspace.o)
    0x0800b584   0x0800b584   0x00000010   Code   RO         1170    .text               c_w.l(rt_ctype_table.o)
    0x0800b594   0x0800b594   0x00000008   Code   RO         1175    .text               c_w.l(rt_locale_intlibspace.o)
    0x0800b59c   0x0800b59c   0x0000008a   Code   RO         1177    .text               c_w.l(lludiv10.o)
    0x0800b626   0x0800b626   0x00000012   Code   RO         1179    .text               c_w.l(isspace.o)
    0x0800b638   0x0800b638   0x00000080   Code   RO         1181    .text               c_w.l(_printf_fp_infnan.o)
    0x0800b6b8   0x0800b6b8   0x00000040   Code   RO         1185    .text               c_w.l(_sgetc.o)
    0x0800b6f8   0x0800b6f8   0x0000009e   Code   RO         1187    .text               c_w.l(_strtoul.o)
    0x0800b796   0x0800b796   0x00000002   PAD
    0x0800b798   0x0800b798   0x000000dc   Code   RO         1189    .text               c_w.l(bigflt0.o)
    0x0800b874   0x0800b874   0x0000004e   Code   RO         1217    .text               c_w.l(rt_memclr_w.o)
    0x0800b8c2   0x0800b8c2   0x0000004a   Code   RO         1225    .text               c_w.l(sys_stackheap_outer.o)
    0x0800b90c   0x0800b90c   0x0000001c   Code   RO         1227    .text               c_w.l(_chval.o)
    0x0800b928   0x0800b928   0x000004a4   Code   RO         1229    .text               c_w.l(scanf_fp.o)
    0x0800bdcc   0x0800bdcc   0x00000012   Code   RO         1234    .text               c_w.l(exit.o)
    0x0800bdde   0x0800bdde   0x00000002   PAD
    0x0800bde0   0x0800bde0   0x00000080   Code   RO         1236    .text               c_w.l(strcmpv7m.o)
    0x0800be60   0x0800be60   0x00000320   Code   RO         1319    .text               c_w.l(scanf_hexfp.o)
    0x0800c180   0x0800c180   0x00000134   Code   RO         1321    .text               c_w.l(scanf_infnan.o)
    0x0800c2b4   0x0800c2b4   0x00000026   Code   RO         1339    .text               c_w.l(llshl.o)
    0x0800c2da   0x0800c2da   0x0000003e   Code   RO         1192    CL$$btod_d2e        c_w.l(btod.o)
    0x0800c318   0x0800c318   0x00000046   Code   RO         1194    CL$$btod_d2e_denorm_low  c_w.l(btod.o)
    0x0800c35e   0x0800c35e   0x00000060   Code   RO         1193    CL$$btod_d2e_norm_op1  c_w.l(btod.o)
    0x0800c3be   0x0800c3be   0x00000338   Code   RO         1202    CL$$btod_div_common  c_w.l(btod.o)
    0x0800c6f6   0x0800c6f6   0x00000002   PAD
    0x0800c6f8   0x0800c6f8   0x00000054   Code   RO         1200    CL$$btod_e2d        c_w.l(btod.o)
    0x0800c74c   0x0800c74c   0x000000c6   Code   RO         1199    CL$$btod_e2e        c_w.l(btod.o)
    0x0800c812   0x0800c812   0x00000028   Code   RO         1196    CL$$btod_ediv       c_w.l(btod.o)
    0x0800c83a   0x0800c83a   0x00000028   Code   RO         1198    CL$$btod_edivd      c_w.l(btod.o)
    0x0800c862   0x0800c862   0x00000028   Code   RO         1195    CL$$btod_emul       c_w.l(btod.o)
    0x0800c88a   0x0800c88a   0x00000028   Code   RO         1197    CL$$btod_emuld      c_w.l(btod.o)
    0x0800c8b2   0x0800c8b2   0x00000244   Code   RO         1201    CL$$btod_mult_common  c_w.l(btod.o)
    0x0800caf6   0x0800caf6   0x00000030   Code   RO         1223    i.__ARM_fpclassify  m_wm.l(fpclassify.o)
    0x0800cb26   0x0800cb26   0x00000002   PAD
    0x0800cb28   0x0800cb28   0x00000038   Code   RO         1094    i.__hardfp_atof     m_wm.l(atof.o)
    0x0800cb60   0x0800cb60   0x000000d0   Code   RO         1348    i.__hardfp_ldexp    m_wm.l(ldexp.o)
    0x0800cc30   0x0800cc30   0x0000007a   Code   RO         1100    i.__hardfp_sqrt     m_wm.l(sqrt.o)
    0x0800ccaa   0x0800ccaa   0x00000006   PAD
    0x0800ccb0   0x0800ccb0   0x00000020   Code   RO         1393    i.__mathlib_dbl_overflow  m_wm.l(dunder.o)
    0x0800ccd0   0x0800ccd0   0x00000020   Code   RO         1395    i.__mathlib_dbl_underflow  m_wm.l(dunder.o)
    0x0800ccf0   0x0800ccf0   0x000000b8   Code   RO         1305    i.__mathlib_narrow  m_wm.l(narrow.o)
    0x0800cda8   0x0800cda8   0x00000014   Code   RO         1350    i.__support_ldexp   m_wm.l(ldexp.o)
    0x0800cdbc   0x0800cdbc   0x0000000e   Code   RO         1030    i._is_digit         c_w.l(__printf_wp.o)
    0x0800cdca   0x0800cdca   0x00000006   PAD
    0x0800cdd0   0x0800cdd0   0x0000008c   Code   RO         1331    i.frexp             m_wm.l(frexp.o)
    0x0800ce5c   0x0800ce5c   0x0000002c   Code   RO         1215    locale$$code        c_w.l(lc_numeric_c.o)
    0x0800ce88   0x0800ce88   0x0000002c   Code   RO         1232    locale$$code        c_w.l(lc_ctype_c.o)
    0x0800ceb4   0x0800ceb4   0x00000062   Code   RO         1058    x$fpl$d2f           fz_wm.l(d2f.o)
    0x0800cf16   0x0800cf16   0x00000002   PAD
    0x0800cf18   0x0800cf18   0x00000150   Code   RO         1060    x$fpl$dadd          fz_wm.l(daddsub_clz.o)
    0x0800d068   0x0800d068   0x00000010   Code   RO         1408    x$fpl$dcheck1       fz_wm.l(dcheck1.o)
    0x0800d078   0x0800d078   0x00000018   Code   RO         1139    x$fpl$dcmpinf       fz_wm.l(dcmpi.o)
    0x0800d090   0x0800d090   0x000002b0   Code   RO         1067    x$fpl$ddiv          fz_wm.l(ddiv.o)
    0x0800d340   0x0800d340   0x00000078   Code   RO         1327    x$fpl$deqf          fz_wm.l(deqf.o)
    0x0800d3b8   0x0800d3b8   0x0000005e   Code   RO         1070    x$fpl$dfix          fz_wm.l(dfix.o)
    0x0800d416   0x0800d416   0x00000002   PAD
    0x0800d418   0x0800d418   0x0000005a   Code   RO         1074    x$fpl$dfixu         fz_wm.l(dfixu.o)
    0x0800d472   0x0800d472   0x0000002e   Code   RO         1079    x$fpl$dflt          fz_wm.l(dflt_clz.o)
    0x0800d4a0   0x0800d4a0   0x00000026   Code   RO         1078    x$fpl$dfltu         fz_wm.l(dflt_clz.o)
    0x0800d4c6   0x0800d4c6   0x00000002   PAD
    0x0800d4c8   0x0800d4c8   0x00000078   Code   RO         1084    x$fpl$dleqf         fz_wm.l(dleqf.o)
    0x0800d540   0x0800d540   0x00000154   Code   RO         1086    x$fpl$dmul          fz_wm.l(dmul.o)
    0x0800d694   0x0800d694   0x0000009c   Code   RO         1141    x$fpl$dnaninf       fz_wm.l(dnaninf.o)
    0x0800d730   0x0800d730   0x0000000c   Code   RO         1143    x$fpl$dretinf       fz_wm.l(dretinf.o)
    0x0800d73c   0x0800d73c   0x0000006c   Code   RO         1088    x$fpl$drleqf        fz_wm.l(drleqf.o)
    0x0800d7a8   0x0800d7a8   0x00000016   Code   RO         1061    x$fpl$drsb          fz_wm.l(daddsub_clz.o)
    0x0800d7be   0x0800d7be   0x00000002   PAD
    0x0800d7c0   0x0800d7c0   0x00000198   Code   RO         1145    x$fpl$dsqrt         fz_wm.l(dsqrt_umaal.o)
    0x0800d958   0x0800d958   0x000001d4   Code   RO         1062    x$fpl$dsub          fz_wm.l(daddsub_clz.o)
    0x0800db2c   0x0800db2c   0x00000056   Code   RO         1090    x$fpl$f2d           fz_wm.l(f2d.o)
    0x0800db82   0x0800db82   0x0000008c   Code   RO         1147    x$fpl$fnaninf       fz_wm.l(fnaninf.o)
    0x0800dc0e   0x0800dc0e   0x0000000a   Code   RO         1296    x$fpl$fpinit        fz_wm.l(fpinit.o)
    0x0800dc18   0x0800dc18   0x0000000a   Code   RO         1149    x$fpl$fretinf       fz_wm.l(fretinf.o)
    0x0800dc22   0x0800dc22   0x00000004   Code   RO         1092    x$fpl$printf1       fz_wm.l(printf1.o)
    0x0800dc26   0x0800dc26   0x00000064   Code   RO         1414    x$fpl$retnan        fz_wm.l(retnan.o)
    0x0800dc8a   0x0800dc8a   0x0000005c   Code   RO         1387    x$fpl$scalbn        fz_wm.l(scalbn.o)
    0x0800dce6   0x0800dce6   0x00000004   Code   RO         1221    x$fpl$scanf1        fz_wm.l(scanf1.o)
    0x0800dcea   0x0800dcea   0x00000008   Code   RO         1298    x$fpl$scanf2        fz_wm.l(scanf2.o)
    0x0800dcf2   0x0800dcf2   0x00000030   Code   RO         1432    x$fpl$trapveneer    fz_wm.l(trapv.o)
    0x0800dd22   0x0800dd22   0x00000000   Code   RO         1151    x$fpl$usenofp       fz_wm.l(usenofp.o)
    0x0800dd22   0x0800dd22   0x00000002   PAD
    0x0800dd24   0x0800dd24   0x0000002e   Data   RO            4    .constdata          main.o
    0x0800dd52   0x0800dd52   0x000017c0   Data   RO          562    .constdata          lcd.o
    0x0800f512   0x0800f512   0x00000002   PAD
    0x0800f514   0x0800f514   0x00000004   Data   RO          697    .constdata          touch.o
    0x0800f518   0x0800f518   0x0000001c   Data   RO          945    .constdata          stm32f4xx_fsmc_1.o
    0x0800f534   0x0800f534   0x00000028   Data   RO         1003    .constdata          c_w.l(_printf_hex_int.o)
    0x0800f55c   0x0800f55c   0x00000011   Data   RO         1021    .constdata          c_w.l(__printf_flags.o)
    0x0800f56d   0x0800f56d   0x00000003   PAD
    0x0800f570   0x0800f570   0x00000094   Data   RO         1190    .constdata          c_w.l(bigflt0.o)
    0x0800f604   0x0800f604   0x00000079   Data   RO          698    .conststring        touch.o
    0x0800f67d   0x0800f67d   0x00000003   PAD
    0x0800f680   0x0800f680   0x00000020   Data   RO         1434    Region$$Table       anon$$obj.o
    0x0800f6a0   0x0800f6a0   0x00000008   Data   RO         1293    c$$dinf             fz_wm.l(fpconst.o)
    0x0800f6a8   0x0800f6a8   0x0000001c   Data   RO         1214    locale$$data        c_w.l(lc_numeric_c.o)
    0x0800f6c4   0x0800f6c4   0x00000110   Data   RO         1231    locale$$data        c_w.l(lc_ctype_c.o)


    Execution Region RW_IRAM1 (Exec base: 0x20000000, Load base: 0x0800f7d4, Size: 0x00000840, Max: 0x00020000, ABSOLUTE)

    Exec Addr    Load Addr    Size         Type   Attr      Idx    E Section Name        Object

    0x20000000   0x0800f7d4   0x00000038   Data   RW            5    .data               main.o
    0x20000038   0x0800f80c   0x00000014   Data   RW          319    .data               system_stm32f4xx.o
    0x2000004c   0x0800f820   0x0000000c   Data   RW          346    .data               driver.o
    0x20000058   0x0800f82c   0x00000001   Data   RW          452    .data               key.o
    0x20000059   0x0800f82d   0x00000003   PAD
    0x2000005c   0x0800f830   0x00000008   Data   RW          479    .data               exti.o
    0x20000064   0x0800f838   0x0000000c   Data   RW          506    .data               timer.o
    0x20000070   0x0800f844   0x00000004   Data   RW          563    .data               lcd.o
    0x20000074   0x0800f848   0x00000009   Data   RW          671    .data               remote.o
    0x2000007d   0x0800f851   0x00000003   PAD
    0x20000080   0x0800f854   0x00000036   Data   RW          699    .data               touch.o
    0x200000b6   0x0800f88a   0x00000004   Data   RW          725    .data               delay.o
    0x200000ba   0x0800f88e   0x00000002   PAD
    0x200000bc   0x0800f890   0x00000006   Data   RW          766    .data               usart.o
    0x200000c2   0x0800f896   0x00000010   Data   RW          863    .data               stm32f4xx_rcc.o
    0x200000d2   0x0800f8a6   0x00000002   PAD
    0x200000d4        -       0x00000014   Zero   RW          345    .bss                driver.o
    0x200000e8        -       0x0000000e   Zero   RW          561    .bss                lcd.o
    0x200000f6        -       0x000000e6   Zero   RW          765    .bss                usart.o
    0x200001dc        -       0x00000060   Zero   RW         1153    .bss                c_w.l(libspace.o)
    0x2000023c   0x0800f8a6   0x00000004   PAD
    0x20000240        -       0x00000200   Zero   RW          794    HEAP                startup_stm32f40_41xxx.o
    0x20000440        -       0x00000400   Zero   RW          793    STACK               startup_stm32f40_41xxx.o


==============================================================================

Image component sizes


      Code (inc. data)   RO Data    RW Data    ZI Data      Debug   Object Name

       378          0          0          0          0       2778   24cxx.o
        64          4          0          0          0        508   beep.o
       260          8          0          4          0       1437   delay.o
       756         24          0         12         20       2956   driver.o
       164         14          0          8          0       1426   exti.o
       260         12          0          1          0        856   key.o
     20684        190       6080          4         14      25787   lcd.o
        64          4          0          0          0     231915   led.o
      5308        430         46         56          0     273234   main.o
       224         20          0          0          0       1777   misc.o
       604         14          0          0          0       1900   myiic.o
       160          8          0          0          0        757   pwm.o
       736         28          0          9          0       1826   remote.o
        64         26        392          0       1536        812   startup_stm32f40_41xxx.o
       272         10          0          0          0       2247   stm32f4xx_exti.o
      1480         18         28          0          0       5586   stm32f4xx_fsmc_1.o
       660         44          0          0          0       4117   stm32f4xx_gpio.o
        26          0          0          0          0      56850   stm32f4xx_it.o
      1628         52          0         16          0      12972   stm32f4xx_rcc.o
       148         12          0          0          0       1825   stm32f4xx_syscfg.o
      3234         60          0          0          0      22972   stm32f4xx_tim.o
      1108         34          0          0          0       7840   stm32f4xx_usart.o
       528         46          0         20          0       1715   system_stm32f4xx.o
       440         48          0         12          0       1645   timer.o
      3828        184        125         54          0       6876   touch.o
       352         22          0          6        230       3346   usart.o

    ----------------------------------------------------------------------
     43436       1312       6708        212       1800     675960   Object Totals
         0          0         32          0          0          0   (incl. Generated)
         6          0          5         10          0          0   (incl. Padding)

    ----------------------------------------------------------------------

      Code (inc. data)   RO Data    RW Data    ZI Data      Debug   Library Member Name

         8          0          0          0          0         68   __main.o
       148          4         17          0          0         84   __printf_flags.o
        14          0          0          0          0         68   __printf_wp.o
         0          0          0          0          0          0   __rtentry.o
        12          0          0          0          0          0   __rtentry2.o
         6          0          0          0          0          0   __rtentry4.o
        52          8          0          0          0          0   __scatter.o
        26          0          0          0          0          0   __scatter_copy.o
        28          0          0          0          0          0   __scatter_zi.o
        28          0          0          0          0         68   _chval.o
         6          0          0          0          0          0   _printf_c.o
        44          0          0          0          0        108   _printf_char.o
        48          6          0          0          0         96   _printf_char_common.o
         6          0          0          0          0          0   _printf_d.o
       120         16          0          0          0         92   _printf_dec.o
         6          0          0          0          0          0   _printf_f.o
      1050          0          0          0          0        216   _printf_fp_dec.o
       128         16          0          0          0         84   _printf_fp_infnan.o
        88          4         40          0          0         88   _printf_hex_int.o
       178          0          0          0          0         88   _printf_intcommon.o
         0          0          0          0          0          0   _printf_percent.o
         4          0          0          0          0          0   _printf_percent_end.o
         6          0          0          0          0          0   _printf_s.o
        82          0          0          0          0         80   _printf_str.o
         6          0          0          0          0          0   _printf_x.o
        22          0          0          0          0        100   _rserrno.o
        64          0          0          0          0         84   _sgetc.o
        10          0          0          0          0         68   _sputc.o
       158          0          0          0          0         92   _strtoul.o
        26          0          0          0          0         80   atoi.o
        26          0          0          0          0         80   atol.o
       220          4        148          0          0         96   bigflt0.o
      2074        132          0          0          0        940   btod.o
        18          0          0          0          0         80   exit.o
         6          0          0          0          0        152   heapauxi.o
        18          0          0          0          0         76   isspace.o
        44         10        272          0          0         76   lc_ctype_c.o
        44         10         28          0          0         76   lc_numeric_c.o
         2          0          0          0          0          0   libinit.o
        34          0          0          0          0          0   libinit2.o
         2          0          0          0          0          0   libshutdown.o
         2          0          0          0          0          0   libshutdown2.o
         8          4          0          0         96         68   libspace.o
        38          0          0          0          0         68   llshl.o
       138          0          0          0          0         80   lludiv10.o
        40          6          0          0          0         84   noretval__2sprintf.o
        16          4          0          0          0         76   rt_ctype_table.o
         8          4          0          0          0         68   rt_errno_addr_intlibspace.o
         8          4          0          0          0         68   rt_locale_intlibspace.o
        68          0          0          0          0         68   rt_memclr.o
        78          0          0          0          0         80   rt_memclr_w.o
         2          0          0          0          0          0   rtexit.o
        10          0          0          0          0          0   rtexit2.o
      1188         12          0          0          0        148   scanf_fp.o
       800         14          0          0          0        100   scanf_hexfp.o
       308         16          0          0          0        100   scanf_infnan.o
       128          0          0          0          0         68   strcmpv7m.o
        72          0          0          0          0         80   strcpy.o
        86          0          0          0          0         76   strncpy.o
       164         14          0          0          0        120   strtod.o
       112          0          0          0          0         88   strtol.o
        74          0          0          0          0         80   sys_stackheap_outer.o
         2          0          0          0          0         68   use_no_semi.o
         2          0          0          0          0         68   use_no_semi_2.o
        98          4          0          0          0        140   d2f.o
       826         16          0          0          0        492   daddsub_clz.o
        16          4          0          0          0        116   dcheck1.o
        24          0          0          0          0        116   dcmpi.o
       688        140          0          0          0        256   ddiv.o
       120          4          0          0          0        140   deqf.o
        94          4          0          0          0        140   dfix.o
        90          4          0          0          0        140   dfixu.o
        84          0          0          0          0        232   dflt_clz.o
       120          4          0          0          0        140   dleqf.o
       340         12          0          0          0        152   dmul.o
       156          4          0          0          0        140   dnaninf.o
        12          0          0          0          0        116   dretinf.o
       108          0          0          0          0        128   drleqf.o
       408         56          0          0          0        168   dsqrt_umaal.o
        86          4          0          0          0        132   f2d.o
       140          4          0          0          0        132   fnaninf.o
         0          0          8          0          0          0   fpconst.o
        10          0          0          0          0        116   fpinit.o
        10          0          0          0          0        116   fretinf.o
         4          0          0          0          0        116   printf1.o
       100          0          0          0          0        116   retnan.o
        92          0          0          0          0        116   scalbn.o
         4          0          0          0          0        116   scanf1.o
         8          0          0          0          0        132   scanf2.o
        48          0          0          0          0        116   trapv.o
         0          0          0          0          0          0   usenofp.o
        56         12          0          0          0        132   atof.o
        64         16          0          0          0        248   dunder.o
        48          0          0          0          0        124   fpclassify.o
       140         22          0          0          0        132   frexp.o
       228          8          0          0          0        308   ldexp.o
       184         18          0          0          0        152   narrow.o
       122          0          0          0          0        148   sqrt.o

    ----------------------------------------------------------------------
     12784        626        516          0        100       9864   Library Totals
        42          2          3          0          4          0   (incl. Padding)

    ----------------------------------------------------------------------

      Code (inc. data)   RO Data    RW Data    ZI Data      Debug   Library Name

      8214        288        505          0         96       4796   c_w.l
      3686        260          8          0          0       3824   fz_wm.l
       842         76          0          0          0       1244   m_wm.l

    ----------------------------------------------------------------------
     12784        626        516          0        100       9864   Library Totals

    ----------------------------------------------------------------------

==============================================================================


      Code (inc. data)   RO Data    RW Data    ZI Data      Debug   

     56220       1938       7224        212       1900     674820   Grand Totals
     56220       1938       7224        212       1900     674820   ELF Image Totals
     56220       1938       7224        212          0          0   ROM Totals

==============================================================================

    Total RO  Size (Code + RO Data)                63444 (  61.96kB)
    Total RW  Size (RW Data + ZI Data)              2112 (   2.06kB)
    Total ROM Size (Code + RO Data + RW Data)      63656 (  62.16kB)

==============================================================================

