<html>
<body>
<pre>
<h1>µVision Build Log</h1>
<h2>Tool Versions:</h2>
IDE-Version: ¦ÌVision V5.24.2.86
Copyright (C) 2017 ARM Ltd and ARM Germany GmbH. All rights reserved.
License Information: wang chong, wangchong, LIC=6XJII-T1TPR-151TV-PL4LH-QT65T-BR33N
 
Tool Versions:
Toolchain:       MDK-ARM Professional  Version: 5.21a
Toolchain Path:  C:\Keil_v5\ARM\ARMCC\Bin
C Compiler:      Armcc.exe V5.06 update 3 (build 300)
Assembler:       Armasm.exe V5.06 update 3 (build 300)
Linker/Locator:  ArmLink.exe V5.06 update 3 (build 300)
Library Manager: ArmAr.exe V5.06 update 3 (build 300)
Hex Converter:   FromElf.exe V5.06 update 3 (build 300)
CPU DLL:         SARMCM3.DLL V5.21a
Dialog DLL:      DCM.DLL V1.13.8.0
Target DLL:      STLink\ST-LINKIII-KEIL_SWO.dll V2.0.18.0
Dialog DLL:      TCM.DLL V1.14.14.0
 
<h2>Project:</h2>
D:\git\-\USER\EXTI.uvprojx
Project File Date:  08/13/2019

<h2>Output:</h2>
*** Using Compiler 'V5.06 update 3 (build 300)', folder: 'C:\Keil_v5\ARM\ARMCC\Bin'
Build target 'EXTI'
compiling main.c...
main.c(57): warning:  #167-D: argument of type "u8 *" is incompatible with parameter of type "char *restrict"
  											case 'V':setspeed++;LCD_Fill(150,8,174,24,
HITE);	Printf(150,8,16,"%d",setspeed);sprintf(TEXT_Buffer,"%d",setspeed);AT24CXX_Write(0,(u8*)TEXT_Buffer,4);break;
main.c(59): warning:  #1035-D: single-precision operand implicitly converted to double-precision
  											case 'P':p+=0.01;sprintf(_pidbuf,"%f",p);
main.c(59): warning:  #167-D: argument of type "u8 *" is incompatible with parameter of type "char *restrict"
  											case 'P':p+=0.01;sprintf(_pidbuf,"%f",p);
main.c(63): warning:  #1035-D: single-precision operand implicitly converted to double-precision
  											case 'I':i+=0.01;sprintf(_pidbuf,"%f",i);
main.c(63): warning:  #167-D: argument of type "u8 *" is incompatible with parameter of type "char *restrict"
  											case 'I':i+=0.01;sprintf(_pidbuf,"%f",i);
main.c(67): warning:  #1035-D: single-precision operand implicitly converted to double-precision
  											case 'D':d+=0.01;sprintf(_pidbuf,"%f",d);
main.c(67): warning:  #167-D: argument of type "u8 *" is incompatible with parameter of type "char *restrict"
  											case 'D':d+=0.01;sprintf(_pidbuf,"%f",d);
main.c(78): warning:  #167-D: argument of type "u8 *" is incompatible with parameter of type "char *restrict"
  												case 'V':setspeed--;LCD_Fill(150,8,174,24,
HITE);	Printf(150,8,16,"%d",setspeed);sprintf(TEXT_Buffer,"%d",setspeed);AT24CXX_Write(0,(u8*)TEXT_Buffer,4);break;
main.c(80): warning:  #1035-D: single-precision operand implicitly converted to double-precision
  												case 'P':p-=0.01;sprintf(_pidbuf,"%f",p);
main.c(80): warning:  #167-D: argument of type "u8 *" is incompatible with parameter of type "char *restrict"
  												case 'P':p-=0.01;sprintf(_pidbuf,"%f",p);
main.c(84): warning:  #1035-D: single-precision operand implicitly converted to double-precision
  												case 'I':i-=0.01;sprintf(_pidbuf,"%f",i);
main.c(84): warning:  #167-D: argument of type "u8 *" is incompatible with parameter of type "char *restrict"
  												case 'I':i-=0.01;sprintf(_pidbuf,"%f",i);
main.c(88): warning:  #1035-D: single-precision operand implicitly converted to double-precision
  												case 'D':d-=0.01;sprintf(_pidbuf,"%f",d);
main.c(88): warning:  #167-D: argument of type "u8 *" is incompatible with parameter of type "char *restrict"
  												case 'D':d-=0.01;sprintf(_pidbuf,"%f",d);
main.c(119): warning:  #167-D: argument of type "u8 *" is incompatible with parameter of type "char *restrict"
  						case 'V':setspeed++;LCD_Fill(150,8,174,24,
HITE);	Printf(150,8,16,"%d",setspeed);sprintf(TEXT_Buffer,"%d",setspeed);AT24CXX_Write(0,(u8*)TEXT_Buffer,4);break;
main.c(121): warning:  #1035-D: single-precision operand implicitly converted to double-precision
  						case 'P':p+=0.01;sprintf(_pidbuf,"%f",p);
main.c(121): warning:  #167-D: argument of type "u8 *" is incompatible with parameter of type "char *restrict"
  						case 'P':p+=0.01;sprintf(_pidbuf,"%f",p);
main.c(125): warning:  #1035-D: single-precision operand implicitly converted to double-precision
  						case 'I':i+=0.01;sprintf(_pidbuf,"%f",i);
main.c(125): warning:  #167-D: argument of type "u8 *" is incompatible with parameter of type "char *restrict"
  						case 'I':i+=0.01;sprintf(_pidbuf,"%f",i);
main.c(129): warning:  #1035-D: single-precision operand implicitly converted to double-precision
  						case 'D':d+=0.01;sprintf(_pidbuf,"%f",d);
main.c(129): warning:  #167-D: argument of type "u8 *" is incompatible with parameter of type "char *restrict"
  						case 'D':d+=0.01;sprintf(_pidbuf,"%f",d);
main.c(141): warning:  #167-D: argument of type "u8 *" is incompatible with parameter of type "char *restrict"
  						case 'V':setspeed--;LCD_Fill(150,8,174,24,
HITE);	Printf(150,8,16,"%d",setspeed);sprintf(TEXT_Buffer,"%d",setspeed);AT24CXX_Write(0,(u8*)TEXT_Buffer,4);break;
main.c(143): warning:  #1035-D: single-precision operand implicitly converted to double-precision
  						case 'P':p-=0.01;sprintf(_pidbuf,"%f",p);
main.c(143): warning:  #167-D: argument of type "u8 *" is incompatible with parameter of type "char *restrict"
  						case 'P':p-=0.01;sprintf(_pidbuf,"%f",p);
main.c(147): warning:  #1035-D: single-precision operand implicitly converted to double-precision
  						case 'I':i-=0.01;sprintf(_pidbuf,"%f",i);
main.c(147): warning:  #167-D: argument of type "u8 *" is incompatible with parameter of type "char *restrict"
  						case 'I':i-=0.01;sprintf(_pidbuf,"%f",i);
main.c(151): warning:  #1035-D: single-precision operand implicitly converted to double-precision
  						case 'D':d-=0.01;sprintf(_pidbuf,"%f",d);
main.c(151): warning:  #167-D: argument of type "u8 *" is incompatible with parameter of type "char *restrict"
  						case 'D':d-=0.01;sprintf(_pidbuf,"%f",d);
main.c(234): warning:  #167-D: argument of type "u8 *" is incompatible with parameter of type "char *restrict"
  			sprintf(TEXT_Buffer,"%d",setspeed);
main.c(276): warning:  #167-D: argument of type "u8 *" is incompatible with parameter of type "const char *"
  	setspeed = atoi(datatemp);
main.c(278): warning:  #167-D: argument of type "u8 *" is incompatible with parameter of type "const char *"
  	p=(float)atof(datatemp);
main.c(280): warning:  #167-D: argument of type "u8 *" is incompatible with parameter of type "const char *"
  	i=(float)atof(datatemp);
main.c(282): warning:  #167-D: argument of type "u8 *" is incompatible with parameter of type "const char *"
  	d=(float)atof(datatemp);
main.c(306): warning:  #177-D: variable "times" was declared but never referenced
  	u8 times=0;
main.c(353): warning:  #167-D: argument of type "u8 *" is incompatible with parameter of type "char *restrict"
  				sprintf(TEXT_Buffer,"%d",setspeed);//±£???Ù¶??è¶?Öµ
main.c(358): warning:  #167-D: argument of type "u8 *" is incompatible with parameter of type "char *restrict"
  				strcpy(TEXT_Buffer,"00000000000\0");
main.c(366): warning:  #167-D: argument of type "char *" is incompatible with parameter of type "u8 *"
  				AT24CXX_Write(4,_pidbuf,5);
main.c(376): warning:  #167-D: argument of type "char *" is incompatible with parameter of type "u8 *"
  				AT24CXX_Write(10,_pidbuf,5);
main.c(386): warning:  #167-D: argument of type "char *" is incompatible with parameter of type "u8 *"
  				AT24CXX_Write(16,_pidbuf,5);
main.c: 39 warnings, 0 errors
linking...
Program Size: Code=56196 RO-data=7224 RW-data=212 ZI-data=1900  
FromELF: creating hex file...
"..\OBJ\EXTI.axf" - 0 Error(s), 39 Warning(s).

<h2>Software Packages used:</h2>

Package Vendor: Keil
                http://www.keil.com/pack/Keil.STM32F4xx_DFP.2.9.0.pack
                Keil.STM32F4xx_DFP.2.9.0
                STMicroelectronics STM32F4 Series Device Support, Drivers and Examples

<h2>Collection of Component include folders:</h2>
  .\RTE\_EXTI
  C:\Keil_v5\ARM\PACK\Keil\STM32F4xx_DFP\2.9.0\Drivers\CMSIS\Device\ST\STM32F4xx\Include

<h2>Collection of Component Files used:</h2>
Build Time Elapsed:  00:00:02
</pre>
</body>
</html>
